rm -f tags
python setup.py clean
running clean
removing 'build/temp.macosx-10.6-x86_64-3.5' (and everything under it)
removing 'build'
Will remove generated .c files
rm -rf dist
python setup.py build_ext -i
blas_opt_info:
blas_mkl_info:
  FOUND:
    include_dirs = ['/Users/bull/anaconda/envs/scikit-learn/include']
    library_dirs = ['/Users/bull/anaconda/envs/scikit-learn/lib']
    define_macros = [('SCIPY_MKL_H', None), ('HAVE_CBLAS', None)]
    libraries = ['mkl_intel_lp64', 'mkl_intel_thread', 'mkl_core', 'iomp5', 'pthread']

  FOUND:
    include_dirs = ['/Users/bull/anaconda/envs/scikit-learn/include']
    library_dirs = ['/Users/bull/anaconda/envs/scikit-learn/lib']
    define_macros = [('SCIPY_MKL_H', None), ('HAVE_CBLAS', None)]
    libraries = ['mkl_intel_lp64', 'mkl_intel_thread', 'mkl_core', 'iomp5', 'pthread']

Warning: Extension name 'sklearn.metrics/cluster.expected_mutual_info_fast' does not match fully qualified name 'sklearn.metrics.cluster.expected_mutual_info_fast' of 'sklearn/metrics/cluster/expected_mutual_info_fast.pyx'
Compiling sklearn/__check_build/_check_build.pyx because it changed.
Compiling sklearn/cluster/_dbscan_inner.pyx because it changed.
Compiling sklearn/cluster/_hierarchical.pyx because it changed.
Compiling sklearn/cluster/_k_means_elkan.pyx because it changed.
Compiling sklearn/cluster/_k_means.pyx because it changed.
Compiling sklearn/datasets/_svmlight_format.pyx because it changed.
Compiling sklearn/decomposition/_online_lda.pyx because it changed.
Compiling sklearn/decomposition/cdnmf_fast.pyx because it changed.
Compiling sklearn/ensemble/_gradient_boosting.pyx because it changed.
Compiling sklearn/feature_extraction/_hashing.pyx because it changed.
Compiling sklearn/manifold/_utils.pyx because it changed.
Compiling sklearn/manifold/_barnes_hut_tsne.pyx because it changed.
Compiling sklearn/metrics/pairwise_fast.pyx because it changed.
Compiling sklearn/metrics/cluster/expected_mutual_info_fast.pyx because it changed.
Compiling sklearn/neighbors/ball_tree.pyx because it changed.
Compiling sklearn/neighbors/kd_tree.pyx because it changed.
Compiling sklearn/neighbors/dist_metrics.pyx because it changed.
Compiling sklearn/neighbors/typedefs.pyx because it changed.
Compiling sklearn/tree/_tree.pyx because it changed.
Compiling sklearn/tree/_splitter.pyx because it changed.
Compiling sklearn/tree/_criterion.pyx because it changed.
Compiling sklearn/tree/_utils.pyx because it changed.
Compiling sklearn/svm/libsvm.pyx because it changed.
Compiling sklearn/svm/liblinear.pyx because it changed.
Compiling sklearn/svm/libsvm_sparse.pyx because it changed.
Compiling sklearn/_isotonic.pyx because it changed.
Compiling sklearn/linear_model/cd_fast.pyx because it changed.
Compiling sklearn/linear_model/sgd_fast.pyx because it changed.
Compiling sklearn/linear_model/sag_fast.pyx because it changed.
Compiling sklearn/utils/sparsetools/_traversal.pyx because it changed.
Compiling sklearn/utils/sparsetools/_graph_tools.pyx because it changed.
Compiling sklearn/utils/sparsefuncs_fast.pyx because it changed.
Compiling sklearn/utils/arrayfuncs.pyx because it changed.
Compiling sklearn/utils/murmurhash.pyx because it changed.
Compiling sklearn/utils/lgamma.pyx because it changed.
Compiling sklearn/utils/graph_shortest_path.pyx because it changed.
Compiling sklearn/utils/fast_dict.pyx because it changed.
Compiling sklearn/utils/seq_dataset.pyx because it changed.
Compiling sklearn/utils/weight_vector.pyx because it changed.
Compiling sklearn/utils/_random.pyx because it changed.
Compiling sklearn/utils/_logistic_sigmoid.pyx because it changed.
[ 1/41] Cythonizing sklearn/__check_build/_check_build.pyx
[ 2/41] Cythonizing sklearn/_isotonic.pyx
[ 3/41] Cythonizing sklearn/cluster/_dbscan_inner.pyx
[ 4/41] Cythonizing sklearn/cluster/_hierarchical.pyx
[ 5/41] Cythonizing sklearn/cluster/_k_means.pyx
[ 6/41] Cythonizing sklearn/cluster/_k_means_elkan.pyx
[ 7/41] Cythonizing sklearn/datasets/_svmlight_format.pyx
[ 8/41] Cythonizing sklearn/decomposition/_online_lda.pyx
[ 9/41] Cythonizing sklearn/decomposition/cdnmf_fast.pyx
[10/41] Cythonizing sklearn/ensemble/_gradient_boosting.pyx
[11/41] Cythonizing sklearn/feature_extraction/_hashing.pyx
[12/41] Cythonizing sklearn/linear_model/cd_fast.pyx
[13/41] Cythonizing sklearn/linear_model/sag_fast.pyx
[14/41] Cythonizing sklearn/linear_model/sgd_fast.pyx
[15/41] Cythonizing sklearn/manifold/_barnes_hut_tsne.pyx
[16/41] Cythonizing sklearn/manifold/_utils.pyx
[17/41] Cythonizing sklearn/metrics/cluster/expected_mutual_info_fast.pyx
[18/41] Cythonizing sklearn/metrics/pairwise_fast.pyx
[19/41] Cythonizing sklearn/neighbors/ball_tree.pyx
[20/41] Cythonizing sklearn/neighbors/dist_metrics.pyx
[21/41] Cythonizing sklearn/neighbors/kd_tree.pyx
[22/41] Cythonizing sklearn/neighbors/typedefs.pyx
[23/41] Cythonizing sklearn/svm/liblinear.pyx
[24/41] Cythonizing sklearn/svm/libsvm.pyx
[25/41] Cythonizing sklearn/svm/libsvm_sparse.pyx
[26/41] Cythonizing sklearn/tree/_criterion.pyx
[27/41] Cythonizing sklearn/tree/_splitter.pyx
[28/41] Cythonizing sklearn/tree/_tree.pyx
[29/41] Cythonizing sklearn/tree/_utils.pyx
[30/41] Cythonizing sklearn/utils/_logistic_sigmoid.pyx
[31/41] Cythonizing sklearn/utils/_random.pyx
[32/41] Cythonizing sklearn/utils/arrayfuncs.pyx
[33/41] Cythonizing sklearn/utils/fast_dict.pyx
[34/41] Cythonizing sklearn/utils/graph_shortest_path.pyx
[35/41] Cythonizing sklearn/utils/lgamma.pyx
[36/41] Cythonizing sklearn/utils/murmurhash.pyx
[37/41] Cythonizing sklearn/utils/seq_dataset.pyx
[38/41] Cythonizing sklearn/utils/sparsefuncs_fast.pyx
[39/41] Cythonizing sklearn/utils/sparsetools/_graph_tools.pyx
[40/41] Cythonizing sklearn/utils/sparsetools/_traversal.pyx
[41/41] Cythonizing sklearn/utils/weight_vector.pyx
running build_ext
running build_src
build_src
building library "libsvm-skl" sources
building extension "sklearn.__check_build._check_build" sources
building extension "sklearn.cluster._dbscan_inner" sources
building extension "sklearn.cluster._hierarchical" sources
building extension "sklearn.cluster._k_means_elkan" sources
building extension "sklearn.cluster._k_means" sources
building extension "sklearn.datasets._svmlight_format" sources
building extension "sklearn.decomposition._online_lda" sources
building extension "sklearn.decomposition.cdnmf_fast" sources
building extension "sklearn.ensemble._gradient_boosting" sources
building extension "sklearn.feature_extraction._hashing" sources
building extension "sklearn.manifold._utils" sources
building extension "sklearn.manifold._barnes_hut_tsne" sources
building extension "sklearn.metrics.pairwise_fast" sources
building extension "sklearn.metrics/cluster.expected_mutual_info_fast" sources
building extension "sklearn.neighbors.ball_tree" sources
building extension "sklearn.neighbors.kd_tree" sources
building extension "sklearn.neighbors.dist_metrics" sources
building extension "sklearn.neighbors.typedefs" sources
building extension "sklearn.tree._tree" sources
building extension "sklearn.tree._splitter" sources
building extension "sklearn.tree._criterion" sources
building extension "sklearn.tree._utils" sources
building extension "sklearn.svm.libsvm" sources
building extension "sklearn.svm.liblinear" sources
building extension "sklearn.svm.libsvm_sparse" sources
building extension "sklearn._isotonic" sources
building extension "sklearn.linear_model.cd_fast" sources
building extension "sklearn.linear_model.sgd_fast" sources
building extension "sklearn.linear_model.sag_fast" sources
building extension "sklearn.utils.sparsetools._traversal" sources
building extension "sklearn.utils.sparsetools._graph_tools" sources
building extension "sklearn.utils.sparsefuncs_fast" sources
building extension "sklearn.utils.arrayfuncs" sources
building extension "sklearn.utils.murmurhash" sources
building extension "sklearn.utils.lgamma" sources
building extension "sklearn.utils.graph_shortest_path" sources
building extension "sklearn.utils.fast_dict" sources
building extension "sklearn.utils.seq_dataset" sources
building extension "sklearn.utils.weight_vector" sources
building extension "sklearn.utils._random" sources
building extension "sklearn.utils._logistic_sigmoid" sources
building data_files sources
build_src: building npy-pkg config files
customize UnixCCompiler
#### ['/usr/bin/clang', '-Wno-unused-result', '-Wsign-compare', '-Wunreachable-code', '-DNDEBUG', '-g', '-fwrapv', '-O3', '-Wall', '-Wstrict-prototypes', '-I/Users/bull/anaconda/envs/scikit-learn/include', '-arch', 'x86_64'] #######
customize UnixCCompiler using build_clib
building 'libsvm-skl' library
compiling C++ sources
C compiler: /usr/bin/clang++ -Wno-unused-result -Wsign-compare -Wunreachable-code -DNDEBUG -g -fwrapv -O3 -Wall -I/Users/bull/anaconda/envs/scikit-learn/include -arch x86_64

creating build
creating build/temp.macosx-10.6-x86_64-3.5
creating build/temp.macosx-10.6-x86_64-3.5/sklearn
creating build/temp.macosx-10.6-x86_64-3.5/sklearn/svm
creating build/temp.macosx-10.6-x86_64-3.5/sklearn/svm/src
creating build/temp.macosx-10.6-x86_64-3.5/sklearn/svm/src/libsvm
compile options: '-I/Users/bull/anaconda/envs/scikit-learn/lib/python3.5/site-packages/numpy/core/include -I/Users/bull/anaconda/envs/scikit-learn/include/python3.5m -c'
clang++: sklearn/svm/src/libsvm/libsvm_template.cpp
ar: adding 1 object files to build/temp.macosx-10.6-x86_64-3.5/liblibsvm-skl.a
ranlib:@ build/temp.macosx-10.6-x86_64-3.5/liblibsvm-skl.a
customize UnixCCompiler
customize UnixCCompiler using build_ext
customize UnixCCompiler
#### ['/usr/bin/clang', '-Wno-unused-result', '-Wsign-compare', '-Wunreachable-code', '-DNDEBUG', '-g', '-fwrapv', '-O3', '-Wall', '-Wstrict-prototypes', '-I/Users/bull/anaconda/envs/scikit-learn/include', '-arch', 'x86_64'] #######
customize UnixCCompiler using build_ext
building 'sklearn.__check_build._check_build' extension
compiling C sources
C compiler: /usr/bin/clang -Wno-unused-result -Wsign-compare -Wunreachable-code -DNDEBUG -g -fwrapv -O3 -Wall -Wstrict-prototypes -I/Users/bull/anaconda/envs/scikit-learn/include -arch x86_64

creating build/temp.macosx-10.6-x86_64-3.5/sklearn/__check_build
compile options: '-I/Users/bull/anaconda/envs/scikit-learn/lib/python3.5/site-packages/numpy/core/include -I/Users/bull/anaconda/envs/scikit-learn/lib/python3.5/site-packages/numpy/core/include -I/Users/bull/anaconda/envs/scikit-learn/include/python3.5m -c'
clang: sklearn/__check_build/_check_build.c
/usr/bin/clang -bundle -undefined dynamic_lookup -L/Users/bull/anaconda/envs/scikit-learn/lib -arch x86_64 build/temp.macosx-10.6-x86_64-3.5/sklearn/__check_build/_check_build.o -L/Users/bull/anaconda/envs/scikit-learn/lib -Lbuild/temp.macosx-10.6-x86_64-3.5 -o sklearn/__check_build/_check_build.cpython-35m-darwin.so
building 'sklearn.cluster._dbscan_inner' extension
compiling C++ sources
C compiler: /usr/bin/clang++ -Wno-unused-result -Wsign-compare -Wunreachable-code -DNDEBUG -g -fwrapv -O3 -Wall -I/Users/bull/anaconda/envs/scikit-learn/include -arch x86_64

creating build/temp.macosx-10.6-x86_64-3.5/sklearn/cluster
compile options: '-I/Users/bull/anaconda/envs/scikit-learn/lib/python3.5/site-packages/numpy/core/include -I/Users/bull/anaconda/envs/scikit-learn/lib/python3.5/site-packages/numpy/core/include -I/Users/bull/anaconda/envs/scikit-learn/include/python3.5m -c'
clang++: sklearn/cluster/_dbscan_inner.cpp
In file included from sklearn/cluster/_dbscan_inner.cpp:472:
In file included from /Users/bull/anaconda/envs/scikit-learn/lib/python3.5/site-packages/numpy/core/include/numpy/arrayobject.h:4:
In file included from /Users/bull/anaconda/envs/scikit-learn/lib/python3.5/site-packages/numpy/core/include/numpy/ndarrayobject.h:18:
In file included from /Users/bull/anaconda/envs/scikit-learn/lib/python3.5/site-packages/numpy/core/include/numpy/ndarraytypes.h:1777:
/Users/bull/anaconda/envs/scikit-learn/lib/python3.5/site-packages/numpy/core/include/numpy/npy_1_7_deprecated_api.h:15:2: warning: "Using deprecated NumPy API, disable it by "          "#defining NPY_NO_DEPRECATED_API NPY_1_7_API_VERSION" [-W#warnings]
#warning "Using deprecated NumPy API, disable it by " \
 ^
1 warning generated.
/usr/bin/clang++ -bundle -undefined dynamic_lookup -L/Users/bull/anaconda/envs/scikit-learn/lib -arch x86_64 build/temp.macosx-10.6-x86_64-3.5/sklearn/cluster/_dbscan_inner.o -L/Users/bull/anaconda/envs/scikit-learn/lib -Lbuild/temp.macosx-10.6-x86_64-3.5 -o sklearn/cluster/_dbscan_inner.cpython-35m-darwin.so
building 'sklearn.cluster._hierarchical' extension
compiling C++ sources
C compiler: /usr/bin/clang++ -Wno-unused-result -Wsign-compare -Wunreachable-code -DNDEBUG -g -fwrapv -O3 -Wall -I/Users/bull/anaconda/envs/scikit-learn/include -arch x86_64

compile options: '-I/Users/bull/anaconda/envs/scikit-learn/lib/python3.5/site-packages/numpy/core/include -I/Users/bull/anaconda/envs/scikit-learn/lib/python3.5/site-packages/numpy/core/include -I/Users/bull/anaconda/envs/scikit-learn/include/python3.5m -c'
clang++: sklearn/cluster/_hierarchical.cpp
In file included from sklearn/cluster/_hierarchical.cpp:468:
In file included from /Users/bull/anaconda/envs/scikit-learn/lib/python3.5/site-packages/numpy/core/include/numpy/arrayobject.h:4:
In file included from /Users/bull/anaconda/envs/scikit-learn/lib/python3.5/site-packages/numpy/core/include/numpy/ndarrayobject.h:18:
In file included from /Users/bull/anaconda/envs/scikit-learn/lib/python3.5/site-packages/numpy/core/include/numpy/ndarraytypes.h:1777:
/Users/bull/anaconda/envs/scikit-learn/lib/python3.5/site-packages/numpy/core/include/numpy/npy_1_7_deprecated_api.h:15:2: warning: "Using deprecated NumPy API, disable it by "          "#defining NPY_NO_DEPRECATED_API NPY_1_7_API_VERSION" [-W#warnings]
#warning "Using deprecated NumPy API, disable it by " \
 ^
1 warning generated.
/usr/bin/clang++ -bundle -undefined dynamic_lookup -L/Users/bull/anaconda/envs/scikit-learn/lib -arch x86_64 build/temp.macosx-10.6-x86_64-3.5/sklearn/cluster/_hierarchical.o -L/Users/bull/anaconda/envs/scikit-learn/lib -Lbuild/temp.macosx-10.6-x86_64-3.5 -lm -o sklearn/cluster/_hierarchical.cpython-35m-darwin.so
building 'sklearn.cluster._k_means_elkan' extension
compiling C sources
C compiler: /usr/bin/clang -Wno-unused-result -Wsign-compare -Wunreachable-code -DNDEBUG -g -fwrapv -O3 -Wall -Wstrict-prototypes -I/Users/bull/anaconda/envs/scikit-learn/include -arch x86_64

compile options: '-I/Users/bull/anaconda/envs/scikit-learn/lib/python3.5/site-packages/numpy/core/include -I/Users/bull/anaconda/envs/scikit-learn/lib/python3.5/site-packages/numpy/core/include -I/Users/bull/anaconda/envs/scikit-learn/include/python3.5m -c'
clang: sklearn/cluster/_k_means_elkan.c
In file included from sklearn/cluster/_k_means_elkan.c:453:
In file included from /Users/bull/anaconda/envs/scikit-learn/lib/python3.5/site-packages/numpy/core/include/numpy/arrayobject.h:4:
In file included from /Users/bull/anaconda/envs/scikit-learn/lib/python3.5/site-packages/numpy/core/include/numpy/ndarrayobject.h:18:
In file included from /Users/bull/anaconda/envs/scikit-learn/lib/python3.5/site-packages/numpy/core/include/numpy/ndarraytypes.h:1777:
/Users/bull/anaconda/envs/scikit-learn/lib/python3.5/site-packages/numpy/core/include/numpy/npy_1_7_deprecated_api.h:15:2: warning: "Using deprecated NumPy API, disable it by "          "#defining NPY_NO_DEPRECATED_API NPY_1_7_API_VERSION" [-W#warnings]
#warning "Using deprecated NumPy API, disable it by " \
 ^
1 warning generated.
/usr/bin/clang -bundle -undefined dynamic_lookup -L/Users/bull/anaconda/envs/scikit-learn/lib -arch x86_64 build/temp.macosx-10.6-x86_64-3.5/sklearn/cluster/_k_means_elkan.o -L/Users/bull/anaconda/envs/scikit-learn/lib -Lbuild/temp.macosx-10.6-x86_64-3.5 -lm -o sklearn/cluster/_k_means_elkan.cpython-35m-darwin.so
building 'sklearn.cluster._k_means' extension
compiling C sources
C compiler: /usr/bin/clang -Wno-unused-result -Wsign-compare -Wunreachable-code -DNDEBUG -g -fwrapv -O3 -Wall -Wstrict-prototypes -I/Users/bull/anaconda/envs/scikit-learn/include -arch x86_64

compile options: '-DSCIPY_MKL_H -DHAVE_CBLAS -Isklearn/src/cblas -I/Users/bull/anaconda/envs/scikit-learn/lib/python3.5/site-packages/numpy/core/include -I/Users/bull/anaconda/envs/scikit-learn/include -I/Users/bull/anaconda/envs/scikit-learn/lib/python3.5/site-packages/numpy/core/include -I/Users/bull/anaconda/envs/scikit-learn/include/python3.5m -c'
clang: sklearn/cluster/_k_means.c
In file included from sklearn/cluster/_k_means.c:475:
In file included from /Users/bull/anaconda/envs/scikit-learn/lib/python3.5/site-packages/numpy/core/include/numpy/arrayobject.h:4:
In file included from /Users/bull/anaconda/envs/scikit-learn/lib/python3.5/site-packages/numpy/core/include/numpy/ndarrayobject.h:18:
In file included from /Users/bull/anaconda/envs/scikit-learn/lib/python3.5/site-packages/numpy/core/include/numpy/ndarraytypes.h:1777:
/Users/bull/anaconda/envs/scikit-learn/lib/python3.5/site-packages/numpy/core/include/numpy/npy_1_7_deprecated_api.h:15:2: warning: "Using deprecated NumPy API, disable it by "          "#defining NPY_NO_DEPRECATED_API NPY_1_7_API_VERSION" [-W#warnings]
#warning "Using deprecated NumPy API, disable it by " \
 ^
sklearn/cluster/_k_means.c:3619:15: warning: incompatible pointer types assigning to 'float (*)(int, float *, int, float *, int)' from 'float (const int, const float *, const int, const float *, const int)' [-Wincompatible-pointer-types]
  __pyx_v_dot = cblas_sdot;
              ^ ~~~~~~~~~~
sklearn/cluster/_k_means.c:4358:15: warning: incompatible pointer types assigning to 'double (*)(int, double *, int, double *, int)' from 'double (const int, const double *, const int, const double *, const int)' [-Wincompatible-pointer-types]
  __pyx_v_dot = cblas_ddot;
              ^ ~~~~~~~~~~
sklearn/cluster/_k_means.c:5803:15: warning: incompatible pointer types assigning to 'float (*)(int, float *, int, float *, int)' from 'float (const int, const float *, const int, const float *, const int)' [-Wincompatible-pointer-types]
  __pyx_v_dot = cblas_sdot;
              ^ ~~~~~~~~~~
sklearn/cluster/_k_means.c:5917:213: warning: comparison of integers of different signs: 'unsigned int' and '__pyx_t_7sklearn_7cluster_8_k_means_INT' (aka 'int') [-Wsign-compare]
      for (__pyx_t_27 = (*__Pyx_BufPtrStrided1d(__pyx_t_7sklearn_7cluster_8_k_means_INT *, __pyx_pybuffernd_X_indptr.rcbuffer->pybuffer.buf, __pyx_t_26, __pyx_pybuffernd_X_indptr.diminfo[0].strides)); __pyx_t_27 < __pyx_t_25; __pyx_t_27+=1) {
                                                                                                                                                                                                         ~~~~~~~~~~ ^ ~~~~~~~~~~
sklearn/cluster/_k_means.c:6599:15: warning: incompatible pointer types assigning to 'double (*)(int, double *, int, double *, int)' from 'double (const int, const double *, const int, const double *, const int)' [-Wincompatible-pointer-types]
  __pyx_v_dot = cblas_ddot;
              ^ ~~~~~~~~~~
sklearn/cluster/_k_means.c:6713:213: warning: comparison of integers of different signs: 'unsigned int' and '__pyx_t_7sklearn_7cluster_8_k_means_INT' (aka 'int') [-Wsign-compare]
      for (__pyx_t_27 = (*__Pyx_BufPtrStrided1d(__pyx_t_7sklearn_7cluster_8_k_means_INT *, __pyx_pybuffernd_X_indptr.rcbuffer->pybuffer.buf, __pyx_t_26, __pyx_pybuffernd_X_indptr.diminfo[0].strides)); __pyx_t_27 < __pyx_t_25; __pyx_t_27+=1) {
                                                                                                                                                                                                         ~~~~~~~~~~ ^ ~~~~~~~~~~
sklearn/cluster/_k_means.c:8109:210: warning: comparison of integers of different signs: '__pyx_t_7sklearn_7cluster_8_k_means_INT' (aka 'int') and 'unsigned int' [-Wsign-compare]
      __pyx_t_12 = (((*__Pyx_BufPtrStrided1d(__pyx_t_7sklearn_7cluster_8_k_means_INT *, __pyx_pybuffernd_nearest_center.rcbuffer->pybuffer.buf, __pyx_t_11, __pyx_pybuffernd_nearest_center.diminfo[0].strides)) == __pyx_v_center_idx) != 0);
                      ~~~~~~~~~~~~~~~~~~~~~~~~~~~~~~~~~~~~~~~~~~~~~~~~~~~~~~~~~~~~~~~~~~~~~~~~~~~~~~~~~~~~~~~~~~~~~~~~~~~~~~~~~~~~~~~~~~~~~~~~~~~~~~~~~~~~~~~~~~~~~~~~~~~~~~~~~~~~~~~~~~~~~~~~~~~~~~~~~~~~~~~~~  ^  ~~~~~~~~~~~~~~~~~~
sklearn/cluster/_k_means.c:8228:210: warning: comparison of integers of different signs: '__pyx_t_7sklearn_7cluster_8_k_means_INT' (aka 'int') and 'unsigned int' [-Wsign-compare]
      __pyx_t_12 = (((*__Pyx_BufPtrStrided1d(__pyx_t_7sklearn_7cluster_8_k_means_INT *, __pyx_pybuffernd_nearest_center.rcbuffer->pybuffer.buf, __pyx_t_14, __pyx_pybuffernd_nearest_center.diminfo[0].strides)) != __pyx_v_center_idx) != 0);
                      ~~~~~~~~~~~~~~~~~~~~~~~~~~~~~~~~~~~~~~~~~~~~~~~~~~~~~~~~~~~~~~~~~~~~~~~~~~~~~~~~~~~~~~~~~~~~~~~~~~~~~~~~~~~~~~~~~~~~~~~~~~~~~~~~~~~~~~~~~~~~~~~~~~~~~~~~~~~~~~~~~~~~~~~~~~~~~~~~~~~~~~~~~  ^  ~~~~~~~~~~~~~~~~~~
sklearn/cluster/_k_means.c:8259:177: warning: comparison of integers of different signs: 'unsigned int' and 'int' [-Wsign-compare]
      for (__pyx_t_18 = (*__Pyx_BufPtrStrided1d(int *, __pyx_pybuffernd_X_indptr.rcbuffer->pybuffer.buf, __pyx_t_17, __pyx_pybuffernd_X_indptr.diminfo[0].strides)); __pyx_t_18 < __pyx_t_16; __pyx_t_18+=1) {
                                                                                                                                                                     ~~~~~~~~~~ ^ ~~~~~~~~~~
sklearn/cluster/_k_means.c:8842:210: warning: comparison of integers of different signs: '__pyx_t_7sklearn_7cluster_8_k_means_INT' (aka 'int') and 'unsigned int' [-Wsign-compare]
      __pyx_t_12 = (((*__Pyx_BufPtrStrided1d(__pyx_t_7sklearn_7cluster_8_k_means_INT *, __pyx_pybuffernd_nearest_center.rcbuffer->pybuffer.buf, __pyx_t_11, __pyx_pybuffernd_nearest_center.diminfo[0].strides)) == __pyx_v_center_idx) != 0);
                      ~~~~~~~~~~~~~~~~~~~~~~~~~~~~~~~~~~~~~~~~~~~~~~~~~~~~~~~~~~~~~~~~~~~~~~~~~~~~~~~~~~~~~~~~~~~~~~~~~~~~~~~~~~~~~~~~~~~~~~~~~~~~~~~~~~~~~~~~~~~~~~~~~~~~~~~~~~~~~~~~~~~~~~~~~~~~~~~~~~~~~~~~~  ^  ~~~~~~~~~~~~~~~~~~
sklearn/cluster/_k_means.c:8961:210: warning: comparison of integers of different signs: '__pyx_t_7sklearn_7cluster_8_k_means_INT' (aka 'int') and 'unsigned int' [-Wsign-compare]
      __pyx_t_12 = (((*__Pyx_BufPtrStrided1d(__pyx_t_7sklearn_7cluster_8_k_means_INT *, __pyx_pybuffernd_nearest_center.rcbuffer->pybuffer.buf, __pyx_t_14, __pyx_pybuffernd_nearest_center.diminfo[0].strides)) != __pyx_v_center_idx) != 0);
                      ~~~~~~~~~~~~~~~~~~~~~~~~~~~~~~~~~~~~~~~~~~~~~~~~~~~~~~~~~~~~~~~~~~~~~~~~~~~~~~~~~~~~~~~~~~~~~~~~~~~~~~~~~~~~~~~~~~~~~~~~~~~~~~~~~~~~~~~~~~~~~~~~~~~~~~~~~~~~~~~~~~~~~~~~~~~~~~~~~~~~~~~~~  ^  ~~~~~~~~~~~~~~~~~~
sklearn/cluster/_k_means.c:8992:177: warning: comparison of integers of different signs: 'unsigned int' and 'int' [-Wsign-compare]
      for (__pyx_t_18 = (*__Pyx_BufPtrStrided1d(int *, __pyx_pybuffernd_X_indptr.rcbuffer->pybuffer.buf, __pyx_t_17, __pyx_pybuffernd_X_indptr.diminfo[0].strides)); __pyx_t_18 < __pyx_t_16; __pyx_t_18+=1) {
                                                                                                                                                                     ~~~~~~~~~~ ^ ~~~~~~~~~~
13 warnings generated.
/usr/bin/clang -bundle -undefined dynamic_lookup -L/Users/bull/anaconda/envs/scikit-learn/lib -arch x86_64 build/temp.macosx-10.6-x86_64-3.5/sklearn/cluster/_k_means.o -L/Users/bull/anaconda/envs/scikit-learn/lib -L/Users/bull/anaconda/envs/scikit-learn/lib -Lbuild/temp.macosx-10.6-x86_64-3.5 -lmkl_intel_lp64 -lmkl_intel_thread -lmkl_core -liomp5 -lpthread -lm -o sklearn/cluster/_k_means.cpython-35m-darwin.so
building 'sklearn.datasets._svmlight_format' extension
compiling C sources
C compiler: /usr/bin/clang -Wno-unused-result -Wsign-compare -Wunreachable-code -DNDEBUG -g -fwrapv -O3 -Wall -Wstrict-prototypes -I/Users/bull/anaconda/envs/scikit-learn/include -arch x86_64

creating build/temp.macosx-10.6-x86_64-3.5/sklearn/datasets
compile options: '-I/Users/bull/anaconda/envs/scikit-learn/lib/python3.5/site-packages/numpy/core/include -I/Users/bull/anaconda/envs/scikit-learn/lib/python3.5/site-packages/numpy/core/include -I/Users/bull/anaconda/envs/scikit-learn/include/python3.5m -c'
clang: sklearn/datasets/_svmlight_format.c
In file included from sklearn/datasets/_svmlight_format.c:451:
In file included from /Users/bull/anaconda/envs/scikit-learn/lib/python3.5/site-packages/numpy/core/include/numpy/arrayobject.h:4:
In file included from /Users/bull/anaconda/envs/scikit-learn/lib/python3.5/site-packages/numpy/core/include/numpy/ndarrayobject.h:18:
In file included from /Users/bull/anaconda/envs/scikit-learn/lib/python3.5/site-packages/numpy/core/include/numpy/ndarraytypes.h:1777:
/Users/bull/anaconda/envs/scikit-learn/lib/python3.5/site-packages/numpy/core/include/numpy/npy_1_7_deprecated_api.h:15:2: warning: "Using deprecated NumPy API, disable it by "          "#defining NPY_NO_DEPRECATED_API NPY_1_7_API_VERSION" [-W#warnings]
#warning "Using deprecated NumPy API, disable it by " \
 ^
1 warning generated.
/usr/bin/clang -bundle -undefined dynamic_lookup -L/Users/bull/anaconda/envs/scikit-learn/lib -arch x86_64 build/temp.macosx-10.6-x86_64-3.5/sklearn/datasets/_svmlight_format.o -L/Users/bull/anaconda/envs/scikit-learn/lib -Lbuild/temp.macosx-10.6-x86_64-3.5 -o sklearn/datasets/_svmlight_format.cpython-35m-darwin.so
building 'sklearn.decomposition._online_lda' extension
compiling C sources
C compiler: /usr/bin/clang -Wno-unused-result -Wsign-compare -Wunreachable-code -DNDEBUG -g -fwrapv -O3 -Wall -Wstrict-prototypes -I/Users/bull/anaconda/envs/scikit-learn/include -arch x86_64

creating build/temp.macosx-10.6-x86_64-3.5/sklearn/decomposition
compile options: '-I/Users/bull/anaconda/envs/scikit-learn/lib/python3.5/site-packages/numpy/core/include -I/Users/bull/anaconda/envs/scikit-learn/lib/python3.5/site-packages/numpy/core/include -I/Users/bull/anaconda/envs/scikit-learn/include/python3.5m -c'
clang: sklearn/decomposition/_online_lda.c
In file included from sklearn/decomposition/_online_lda.c:454:
In file included from /Users/bull/anaconda/envs/scikit-learn/lib/python3.5/site-packages/numpy/core/include/numpy/arrayobject.h:4:
In file included from /Users/bull/anaconda/envs/scikit-learn/lib/python3.5/site-packages/numpy/core/include/numpy/ndarrayobject.h:18:
In file included from /Users/bull/anaconda/envs/scikit-learn/lib/python3.5/site-packages/numpy/core/include/numpy/ndarraytypes.h:1777:
/Users/bull/anaconda/envs/scikit-learn/lib/python3.5/site-packages/numpy/core/include/numpy/npy_1_7_deprecated_api.h:15:2: warning: "Using deprecated NumPy API, disable it by "          "#defining NPY_NO_DEPRECATED_API NPY_1_7_API_VERSION" [-W#warnings]
#warning "Using deprecated NumPy API, disable it by " \
 ^
1 warning generated.
/usr/bin/clang -bundle -undefined dynamic_lookup -L/Users/bull/anaconda/envs/scikit-learn/lib -arch x86_64 build/temp.macosx-10.6-x86_64-3.5/sklearn/decomposition/_online_lda.o -L/Users/bull/anaconda/envs/scikit-learn/lib -Lbuild/temp.macosx-10.6-x86_64-3.5 -lm -o sklearn/decomposition/_online_lda.cpython-35m-darwin.so
building 'sklearn.decomposition.cdnmf_fast' extension
compiling C sources
C compiler: /usr/bin/clang -Wno-unused-result -Wsign-compare -Wunreachable-code -DNDEBUG -g -fwrapv -O3 -Wall -Wstrict-prototypes -I/Users/bull/anaconda/envs/scikit-learn/include -arch x86_64

compile options: '-I/Users/bull/anaconda/envs/scikit-learn/lib/python3.5/site-packages/numpy/core/include -I/Users/bull/anaconda/envs/scikit-learn/lib/python3.5/site-packages/numpy/core/include -I/Users/bull/anaconda/envs/scikit-learn/include/python3.5m -c'
clang: sklearn/decomposition/cdnmf_fast.c
/usr/bin/clang -bundle -undefined dynamic_lookup -L/Users/bull/anaconda/envs/scikit-learn/lib -arch x86_64 build/temp.macosx-10.6-x86_64-3.5/sklearn/decomposition/cdnmf_fast.o -L/Users/bull/anaconda/envs/scikit-learn/lib -Lbuild/temp.macosx-10.6-x86_64-3.5 -lm -o sklearn/decomposition/cdnmf_fast.cpython-35m-darwin.so
building 'sklearn.ensemble._gradient_boosting' extension
compiling C sources
C compiler: /usr/bin/clang -Wno-unused-result -Wsign-compare -Wunreachable-code -DNDEBUG -g -fwrapv -O3 -Wall -Wstrict-prototypes -I/Users/bull/anaconda/envs/scikit-learn/include -arch x86_64

creating build/temp.macosx-10.6-x86_64-3.5/sklearn/ensemble
compile options: '-I/Users/bull/anaconda/envs/scikit-learn/lib/python3.5/site-packages/numpy/core/include -I/Users/bull/anaconda/envs/scikit-learn/lib/python3.5/site-packages/numpy/core/include -I/Users/bull/anaconda/envs/scikit-learn/include/python3.5m -c'
clang: sklearn/ensemble/_gradient_boosting.c
In file included from sklearn/ensemble/_gradient_boosting.c:450:
In file included from /Users/bull/anaconda/envs/scikit-learn/lib/python3.5/site-packages/numpy/core/include/numpy/arrayobject.h:4:
In file included from /Users/bull/anaconda/envs/scikit-learn/lib/python3.5/site-packages/numpy/core/include/numpy/ndarrayobject.h:18:
In file included from /Users/bull/anaconda/envs/scikit-learn/lib/python3.5/site-packages/numpy/core/include/numpy/ndarraytypes.h:1777:
/Users/bull/anaconda/envs/scikit-learn/lib/python3.5/site-packages/numpy/core/include/numpy/npy_1_7_deprecated_api.h:15:2: warning: "Using deprecated NumPy API, disable it by "          "#defining NPY_NO_DEPRECATED_API NPY_1_7_API_VERSION" [-W#warnings]
#warning "Using deprecated NumPy API, disable it by " \
 ^
1 warning generated.
/usr/bin/clang -bundle -undefined dynamic_lookup -L/Users/bull/anaconda/envs/scikit-learn/lib -arch x86_64 build/temp.macosx-10.6-x86_64-3.5/sklearn/ensemble/_gradient_boosting.o -L/Users/bull/anaconda/envs/scikit-learn/lib -Lbuild/temp.macosx-10.6-x86_64-3.5 -o sklearn/ensemble/_gradient_boosting.cpython-35m-darwin.so
building 'sklearn.feature_extraction._hashing' extension
compiling C sources
C compiler: /usr/bin/clang -Wno-unused-result -Wsign-compare -Wunreachable-code -DNDEBUG -g -fwrapv -O3 -Wall -Wstrict-prototypes -I/Users/bull/anaconda/envs/scikit-learn/include -arch x86_64

creating build/temp.macosx-10.6-x86_64-3.5/sklearn/feature_extraction
compile options: '-I/Users/bull/anaconda/envs/scikit-learn/lib/python3.5/site-packages/numpy/core/include -I/Users/bull/anaconda/envs/scikit-learn/lib/python3.5/site-packages/numpy/core/include -I/Users/bull/anaconda/envs/scikit-learn/include/python3.5m -c'
clang: sklearn/feature_extraction/_hashing.c
In file included from sklearn/feature_extraction/_hashing.c:454:
In file included from /Users/bull/anaconda/envs/scikit-learn/lib/python3.5/site-packages/numpy/core/include/numpy/arrayobject.h:4:
In file included from /Users/bull/anaconda/envs/scikit-learn/lib/python3.5/site-packages/numpy/core/include/numpy/ndarrayobject.h:18:
In file included from /Users/bull/anaconda/envs/scikit-learn/lib/python3.5/site-packages/numpy/core/include/numpy/ndarraytypes.h:1777:
/Users/bull/anaconda/envs/scikit-learn/lib/python3.5/site-packages/numpy/core/include/numpy/npy_1_7_deprecated_api.h:15:2: warning: "Using deprecated NumPy API, disable it by "          "#defining NPY_NO_DEPRECATED_API NPY_1_7_API_VERSION" [-W#warnings]
#warning "Using deprecated NumPy API, disable it by " \
 ^
1 warning generated.
/usr/bin/clang -bundle -undefined dynamic_lookup -L/Users/bull/anaconda/envs/scikit-learn/lib -arch x86_64 build/temp.macosx-10.6-x86_64-3.5/sklearn/feature_extraction/_hashing.o -L/Users/bull/anaconda/envs/scikit-learn/lib -Lbuild/temp.macosx-10.6-x86_64-3.5 -lm -o sklearn/feature_extraction/_hashing.cpython-35m-darwin.so
building 'sklearn.manifold._utils' extension
compiling C sources
C compiler: /usr/bin/clang -Wno-unused-result -Wsign-compare -Wunreachable-code -DNDEBUG -g -fwrapv -O3 -Wall -Wstrict-prototypes -I/Users/bull/anaconda/envs/scikit-learn/include -arch x86_64

creating build/temp.macosx-10.6-x86_64-3.5/sklearn/manifold
compile options: '-I/Users/bull/anaconda/envs/scikit-learn/lib/python3.5/site-packages/numpy/core/include -I/Users/bull/anaconda/envs/scikit-learn/lib/python3.5/site-packages/numpy/core/include -I/Users/bull/anaconda/envs/scikit-learn/include/python3.5m -c'
extra options: '-O3'
clang: sklearn/manifold/_utils.c
In file included from sklearn/manifold/_utils.c:458:
In file included from /Users/bull/anaconda/envs/scikit-learn/lib/python3.5/site-packages/numpy/core/include/numpy/arrayobject.h:4:
In file included from /Users/bull/anaconda/envs/scikit-learn/lib/python3.5/site-packages/numpy/core/include/numpy/ndarrayobject.h:18:
In file included from /Users/bull/anaconda/envs/scikit-learn/lib/python3.5/site-packages/numpy/core/include/numpy/ndarraytypes.h:1777:
/Users/bull/anaconda/envs/scikit-learn/lib/python3.5/site-packages/numpy/core/include/numpy/npy_1_7_deprecated_api.h:15:2: warning: "Using deprecated NumPy API, disable it by "          "#defining NPY_NO_DEPRECATED_API NPY_1_7_API_VERSION" [-W#warnings]
#warning "Using deprecated NumPy API, disable it by " \
 ^
1 warning generated.
/usr/bin/clang -bundle -undefined dynamic_lookup -L/Users/bull/anaconda/envs/scikit-learn/lib -arch x86_64 build/temp.macosx-10.6-x86_64-3.5/sklearn/manifold/_utils.o -L/Users/bull/anaconda/envs/scikit-learn/lib -Lbuild/temp.macosx-10.6-x86_64-3.5 -lm -o sklearn/manifold/_utils.cpython-35m-darwin.so
building 'sklearn.manifold._barnes_hut_tsne' extension
compiling C sources
C compiler: /usr/bin/clang -Wno-unused-result -Wsign-compare -Wunreachable-code -DNDEBUG -g -fwrapv -O3 -Wall -Wstrict-prototypes -I/Users/bull/anaconda/envs/scikit-learn/include -arch x86_64

compile options: '-DSCIPY_MKL_H -DHAVE_CBLAS -Isklearn/src/cblas -I/Users/bull/anaconda/envs/scikit-learn/lib/python3.5/site-packages/numpy/core/include -I/Users/bull/anaconda/envs/scikit-learn/include -I/Users/bull/anaconda/envs/scikit-learn/lib/python3.5/site-packages/numpy/core/include -I/Users/bull/anaconda/envs/scikit-learn/include/python3.5m -c'
extra options: '-O4'
clang: sklearn/manifold/_barnes_hut_tsne.c
clang: warning: -O4 is equivalent to -O3
In file included from sklearn/manifold/_barnes_hut_tsne.c:477:
In file included from /Users/bull/anaconda/envs/scikit-learn/lib/python3.5/site-packages/numpy/core/include/numpy/arrayobject.h:4:
In file included from /Users/bull/anaconda/envs/scikit-learn/lib/python3.5/site-packages/numpy/core/include/numpy/ndarrayobject.h:18:
In file included from /Users/bull/anaconda/envs/scikit-learn/lib/python3.5/site-packages/numpy/core/include/numpy/ndarraytypes.h:1777:
/Users/bull/anaconda/envs/scikit-learn/lib/python3.5/site-packages/numpy/core/include/numpy/npy_1_7_deprecated_api.h:15:2: warning: "Using deprecated NumPy API, disable it by "          "#defining NPY_NO_DEPRECATED_API NPY_1_7_API_VERSION" [-W#warnings]
#warning "Using deprecated NumPy API, disable it by " \
 ^
sklearn/manifold/_barnes_hut_tsne.c:2476:17: warning: code will never be executed [-Wunreachable-code]
    __pyx_t_1 = 0;
                ^
sklearn/manifold/_barnes_hut_tsne.c:2800:5: warning: code will never be executed [-Wunreachable-code]
    printf(((char const *)"[t-SNE] Created root node %p\n"), __pyx_v_root);
    ^~~~~~
sklearn/manifold/_barnes_hut_tsne.c:3187:5: warning: code will never be executed [-Wunreachable-code]
    printf(((char const *)"[t-SNE] Offset [%i, %i] with LE [%f, %f]\n"), (__pyx_v_offset[0]), (__pyx_v_offset[1]), (__pyx_v_child->left_edge[0]), (__pyx_v_child->left_edge[1]));
    ^~~~~~
sklearn/manifold/_barnes_hut_tsne.c:3302:7: warning: code will never be executed [-Wunreachable-code]
      printf(((char const *)"i2o index %i k %i rem %i offset"), __pyx_v_index, __pyx_v_k, __pyx_v_rem);
      ^~~~~~
sklearn/manifold/_barnes_hut_tsne.c:3427:7: warning: code will never be executed [-Wunreachable-code]
      printf(((char const *)"o2i index %i dim %i            offset"), __pyx_v_index, __pyx_v_dim);
      ^~~~~~
sklearn/manifold/_barnes_hut_tsne.c:3648:107: warning: format specifies type 'int' but the argument has type 'long' [-Wformat]
    printf(((char const *)"[t-SNE] [d=%i] Inserting pos %i [%f, %f] duplicate_count=%i into child %p\n"), __pyx_v_depth, __pyx_v_point_index, (__pyx_v_pos[0]), (__pyx_v_pos[1]), __pyx_v_duplicate_count, __pyx_v_root);
                                      ~~                                                                  ^~~~~~~~~~~~~
                                      %li
sklearn/manifold/_barnes_hut_tsne.c:3648:122: warning: format specifies type 'int' but the argument has type 'long' [-Wformat]
    printf(((char const *)"[t-SNE] [d=%i] Inserting pos %i [%f, %f] duplicate_count=%i into child %p\n"), __pyx_v_depth, __pyx_v_point_index, (__pyx_v_pos[0]), (__pyx_v_pos[1]), __pyx_v_duplicate_count, __pyx_v_root);
                                                        ~~                                                               ^~~~~~~~~~~~~~~~~~~
                                                        %li
sklearn/manifold/_barnes_hut_tsne.c:3648:179: warning: format specifies type 'int' but the argument has type 'long' [-Wformat]
    printf(((char const *)"[t-SNE] [d=%i] Inserting pos %i [%f, %f] duplicate_count=%i into child %p\n"), __pyx_v_depth, __pyx_v_point_index, (__pyx_v_pos[0]), (__pyx_v_pos[1]), __pyx_v_duplicate_count, __pyx_v_root);
                                                                                    ~~                                                                                            ^~~~~~~~~~~~~~~~~~~~~~~
                                                                                    %li
sklearn/manifold/_barnes_hut_tsne.c:3861:85: warning: format specifies type 'int' but the argument has type 'long' [-Wformat]
      printf(((char const *)"[t-SNE] [d=%i] Inserting [%f, %f] into blank cell\n"), __pyx_v_depth, (__pyx_v_pos[0]), (__pyx_v_pos[1]));
                                        ~~                                          ^~~~~~~~~~~~~
                                        %li
sklearn/manifold/_barnes_hut_tsne.c:3947:84: warning: format specifies type 'int' but the argument has type 'long' [-Wformat]
      printf(((char const *)"[t-SNE] [d=%i] Node %p is occupied or is a leaf.\n"), __pyx_v_depth, __pyx_v_root);
                                        ~~                                         ^~~~~~~~~~~~~
                                        %li
sklearn/manifold/_barnes_hut_tsne.c:3956:77: warning: format specifies type 'int' but the argument has type 'long' [-Wformat]
      printf(((char const *)"[t-SNE] [d=%i] Node %p leaf = %i. Size %i\n"), __pyx_v_depth, __pyx_v_root, __pyx_v_root->is_leaf, __pyx_v_root->size);
                                        ~~                                  ^~~~~~~~~~~~~
                                        %li
sklearn/manifold/_barnes_hut_tsne.c:3956:129: warning: format specifies type 'int' but the argument has type 'long' [-Wformat]
      printf(((char const *)"[t-SNE] [d=%i] Node %p leaf = %i. Size %i\n"), __pyx_v_depth, __pyx_v_root, __pyx_v_root->is_leaf, __pyx_v_root->size);
                                                                    ~~                                                          ^~~~~~~~~~~~~~~~~~
                                                                    %li
sklearn/manifold/_barnes_hut_tsne.c:4042:122: warning: format specifies type 'int' but the argument has type 'long' [-Wformat]
          printf(((char const *)"[t-SNE] Warning: [d=%i] Detected identical points. Returning. Leaf now has size %i\n"), __pyx_v_depth, __pyx_v_root->size);
                                                     ~~                                                                  ^~~~~~~~~~~~~
                                                     %li
sklearn/manifold/_barnes_hut_tsne.c:4042:137: warning: format specifies type 'int' but the argument has type 'long' [-Wformat]
          printf(((char const *)"[t-SNE] Warning: [d=%i] Detected identical points. Returning. Leaf now has size %i\n"), __pyx_v_depth, __pyx_v_root->size);
                                                                                                                 ~~                     ^~~~~~~~~~~~~~~~~~
                                                                                                                 %li
sklearn/manifold/_barnes_hut_tsne.c:4107:82: warning: format specifies type 'int' but the argument has type 'long' [-Wformat]
        printf(((char const *)"[t-SNE] [d=%i] Subdividing this leaf node %p\n"), __pyx_v_depth, __pyx_v_root);
                                          ~~                                     ^~~~~~~~~~~~~
                                          %li
sklearn/manifold/_barnes_hut_tsne.c:4171:84: warning: format specifies type 'int' but the argument has type 'long' [-Wformat]
        printf(((char const *)"[t-SNE] [d=%i] Relocating old point to node %p\n"), __pyx_v_depth, __pyx_v_child);
                                          ~~                                       ^~~~~~~~~~~~~
                                          %li
sklearn/manifold/_barnes_hut_tsne.c:4216:79: warning: format specifies type 'int' but the argument has type 'long' [-Wformat]
      printf(((char const *)"[t-SNE] [d=%i] Selecting node for new point\n"), __pyx_v_depth);
                                        ~~                                    ^~~~~~~~~~~~~
                                        %li
sklearn/manifold/_barnes_hut_tsne.c:4216:7: warning: code will never be executed [-Wunreachable-code]
      printf(((char const *)"[t-SNE] [d=%i] Selecting node for new point\n"), __pyx_v_depth);
      ^~~~~~
sklearn/manifold/_barnes_hut_tsne.c:4171:9: warning: code will never be executed [-Wunreachable-code]
        printf(((char const *)"[t-SNE] [d=%i] Relocating old point to node %p\n"), __pyx_v_depth, __pyx_v_child);
        ^~~~~~
sklearn/manifold/_barnes_hut_tsne.c:4107:9: warning: code will never be executed [-Wunreachable-code]
        printf(((char const *)"[t-SNE] [d=%i] Subdividing this leaf node %p\n"), __pyx_v_depth, __pyx_v_root);
        ^~~~~~
sklearn/manifold/_barnes_hut_tsne.c:4042:11: warning: code will never be executed [-Wunreachable-code]
          printf(((char const *)"[t-SNE] Warning: [d=%i] Detected identical points. Returning. Leaf now has size %i\n"), __pyx_v_depth, __pyx_v_root->size);
          ^~~~~~
sklearn/manifold/_barnes_hut_tsne.c:3947:7: warning: code will never be executed [-Wunreachable-code]
      printf(((char const *)"[t-SNE] [d=%i] Node %p is occupied or is a leaf.\n"), __pyx_v_depth, __pyx_v_root);
      ^~~~~~
sklearn/manifold/_barnes_hut_tsne.c:3861:7: warning: code will never be executed [-Wunreachable-code]
      printf(((char const *)"[t-SNE] [d=%i] Inserting [%f, %f] into blank cell\n"), __pyx_v_depth, (__pyx_v_pos[0]), (__pyx_v_pos[1]));
      ^~~~~~
sklearn/manifold/_barnes_hut_tsne.c:3648:5: warning: code will never be executed [-Wunreachable-code]
    printf(((char const *)"[t-SNE] [d=%i] Inserting pos %i [%f, %f] duplicate_count=%i into child %p\n"), __pyx_v_depth, __pyx_v_point_index, (__pyx_v_pos[0]), (__pyx_v_pos[1]), __pyx_v_duplicate_count, __pyx_v_root);
    ^~~~~~
sklearn/manifold/_barnes_hut_tsne.c:4409:72: warning: format specifies type 'int' but the argument has type 'long' [-Wformat]
      printf(((char const *)"[t-SNE] inserting point %i: [%f, %f]\n"), __pyx_v_i, (__pyx_v_row[0]), (__pyx_v_row[1]));
                                                     ~~                ^~~~~~~~~
                                                     %li
sklearn/manifold/_barnes_hut_tsne.c:4409:7: warning: code will never be executed [-Wunreachable-code]
      printf(((char const *)"[t-SNE] inserting point %i: [%f, %f]\n"), __pyx_v_i, (__pyx_v_row[0]), (__pyx_v_row[1]));
      ^~~~~~
sklearn/manifold/_barnes_hut_tsne.c:4997:64: warning: format specifies type 'int' but the argument has type 'long' [-Wformat]
      printf(((char const *)"[t-SNE] %i points in node %p\n"), __pyx_v_count, __pyx_v_root);
                                     ~~                        ^~~~~~~~~~~~~
                                     %li
sklearn/manifold/_barnes_hut_tsne.c:5108:63: warning: format specifies type 'int' but the argument has type 'long' [-Wformat]
        printf(((char const *)"[t-SNE] Child has size %d\n"), __pyx_v_child->size);
                                                      ~~      ^~~~~~~~~~~~~~~~~~~
                                                      %ld
sklearn/manifold/_barnes_hut_tsne.c:5211:64: warning: format specifies type 'int' but the argument has type 'long' [-Wformat]
    printf(((char const *)"[t-SNE] %i points in this node\n"), __pyx_v_count);
                                   ~~                          ^~~~~~~~~~~~~
                                   %li
sklearn/manifold/_barnes_hut_tsne.c:5211:5: warning: code will never be executed [-Wunreachable-code]
    printf(((char const *)"[t-SNE] %i points in this node\n"), __pyx_v_count);
    ^~~~~~
sklearn/manifold/_barnes_hut_tsne.c:5164:9: warning: code will never be executed [-Wunreachable-code]
        printf(((char const *)"[t-SNE] Child is not a leaf. Descending\n%s"), __pyx_v_7sklearn_8manifold_16_barnes_hut_tsne_EMPTY_STRING);
        ^~~~~~
sklearn/manifold/_barnes_hut_tsne.c:5108:9: warning: code will never be executed [-Wunreachable-code]
        printf(((char const *)"[t-SNE] Child has size %d\n"), __pyx_v_child->size);
        ^~~~~~
sklearn/manifold/_barnes_hut_tsne.c:5063:7: warning: code will never be executed [-Wunreachable-code]
      printf(((char const *)"[t-SNE] Counting points for child %p\n"), __pyx_v_child);
      ^~~~~~
sklearn/manifold/_barnes_hut_tsne.c:4988:7: warning: code will never be executed [-Wunreachable-code]
      printf(((char const *)"[t-SNE] %p is a leaf node, no children\n"), __pyx_v_root);
      ^~~~~~
sklearn/manifold/_barnes_hut_tsne.c:4942:5: warning: code will never be executed [-Wunreachable-code]
    printf(((char const *)"[t-SNE] Counting nodes at root node %p\n"), __pyx_v_root);
    ^~~~~~
sklearn/manifold/_barnes_hut_tsne.c:5312:80: warning: format specifies type 'int' but the argument has type 'long' [-Wformat]
    printf(((char const *)"[t-SNE] Allocating %i elements in force arrays\n"), ((__pyx_v_n * __pyx_v_n_dimensions) * 2));
                                              ~~                               ^~~~~~~~~~~~~~~~~~~~~~~~~~~~~~~~~~~~~~~~
                                              %li
sklearn/manifold/_barnes_hut_tsne.c:6346:63: warning: format specifies type 'int' but the argument has type 'long' [-Wformat]
    printf(((char const *)"[t-SNE] Tree: %i clock ticks | "), __pyx_v_dta);
                                         ~~                   ^~~~~~~~~~~
                                         %li
sklearn/manifold/_barnes_hut_tsne.c:6355:67: warning: format specifies type 'int' but the argument has type 'long' [-Wformat]
    printf(((char const *)"Force computation: %i clock ticks\n"), __pyx_v_dtb);
                                              ~~                  ^~~~~~~~~~~
                                              %li
sklearn/manifold/_barnes_hut_tsne.c:7992:61: warning: format specifies type 'int' but the argument has type 'Py_ssize_t' (aka 'long') [-Wformat]
    printf(((char const *)"[t-SNE] Inserting %i points\n"), (__pyx_v_pos_output.shape[0]));
                                             ~~             ^~~~~~~~~~~~~~~~~~~~~~~~~~~~~
                                             %zi
40 warnings generated.
/usr/bin/clang -bundle -undefined dynamic_lookup -L/Users/bull/anaconda/envs/scikit-learn/lib -arch x86_64 build/temp.macosx-10.6-x86_64-3.5/sklearn/manifold/_barnes_hut_tsne.o -L/Users/bull/anaconda/envs/scikit-learn/lib -L/Users/bull/anaconda/envs/scikit-learn/lib -Lbuild/temp.macosx-10.6-x86_64-3.5 -lmkl_intel_lp64 -lmkl_intel_thread -lmkl_core -liomp5 -lpthread -o sklearn/manifold/_barnes_hut_tsne.cpython-35m-darwin.so
building 'sklearn.metrics.pairwise_fast' extension
compiling C sources
C compiler: /usr/bin/clang -Wno-unused-result -Wsign-compare -Wunreachable-code -DNDEBUG -g -fwrapv -O3 -Wall -Wstrict-prototypes -I/Users/bull/anaconda/envs/scikit-learn/include -arch x86_64

creating build/temp.macosx-10.6-x86_64-3.5/sklearn/metrics
compile options: '-DSCIPY_MKL_H -DHAVE_CBLAS -Isklearn/src/cblas -I/Users/bull/anaconda/envs/scikit-learn/lib/python3.5/site-packages/numpy/core/include -I/Users/bull/anaconda/envs/scikit-learn/include -I/Users/bull/anaconda/envs/scikit-learn/lib/python3.5/site-packages/numpy/core/include -I/Users/bull/anaconda/envs/scikit-learn/include/python3.5m -c'
clang: sklearn/metrics/pairwise_fast.c
In file included from sklearn/metrics/pairwise_fast.c:474:
In file included from /Users/bull/anaconda/envs/scikit-learn/lib/python3.5/site-packages/numpy/core/include/numpy/arrayobject.h:4:
In file included from /Users/bull/anaconda/envs/scikit-learn/lib/python3.5/site-packages/numpy/core/include/numpy/ndarrayobject.h:18:
In file included from /Users/bull/anaconda/envs/scikit-learn/lib/python3.5/site-packages/numpy/core/include/numpy/ndarraytypes.h:1777:
/Users/bull/anaconda/envs/scikit-learn/lib/python3.5/site-packages/numpy/core/include/numpy/npy_1_7_deprecated_api.h:15:2: warning: "Using deprecated NumPy API, disable it by "          "#defining NPY_NO_DEPRECATED_API NPY_1_7_API_VERSION" [-W#warnings]
#warning "Using deprecated NumPy API, disable it by " \
 ^
1 warning generated.
/usr/bin/clang -bundle -undefined dynamic_lookup -L/Users/bull/anaconda/envs/scikit-learn/lib -arch x86_64 build/temp.macosx-10.6-x86_64-3.5/sklearn/metrics/pairwise_fast.o -L/Users/bull/anaconda/envs/scikit-learn/lib -L/Users/bull/anaconda/envs/scikit-learn/lib -Lbuild/temp.macosx-10.6-x86_64-3.5 -lmkl_intel_lp64 -lmkl_intel_thread -lmkl_core -liomp5 -lpthread -lm -o sklearn/metrics/pairwise_fast.cpython-35m-darwin.so
building 'sklearn.metrics/cluster.expected_mutual_info_fast' extension
compiling C sources
C compiler: /usr/bin/clang -Wno-unused-result -Wsign-compare -Wunreachable-code -DNDEBUG -g -fwrapv -O3 -Wall -Wstrict-prototypes -I/Users/bull/anaconda/envs/scikit-learn/include -arch x86_64

creating build/temp.macosx-10.6-x86_64-3.5/sklearn/metrics/cluster
compile options: '-I/Users/bull/anaconda/envs/scikit-learn/lib/python3.5/site-packages/numpy/core/include -I/Users/bull/anaconda/envs/scikit-learn/lib/python3.5/site-packages/numpy/core/include -I/Users/bull/anaconda/envs/scikit-learn/include/python3.5m -c'
clang: sklearn/metrics/cluster/expected_mutual_info_fast.c
In file included from sklearn/metrics/cluster/expected_mutual_info_fast.c:454:
In file included from /Users/bull/anaconda/envs/scikit-learn/lib/python3.5/site-packages/numpy/core/include/numpy/arrayobject.h:4:
In file included from /Users/bull/anaconda/envs/scikit-learn/lib/python3.5/site-packages/numpy/core/include/numpy/ndarrayobject.h:18:
In file included from /Users/bull/anaconda/envs/scikit-learn/lib/python3.5/site-packages/numpy/core/include/numpy/ndarraytypes.h:1777:
/Users/bull/anaconda/envs/scikit-learn/lib/python3.5/site-packages/numpy/core/include/numpy/npy_1_7_deprecated_api.h:15:2: warning: "Using deprecated NumPy API, disable it by "          "#defining NPY_NO_DEPRECATED_API NPY_1_7_API_VERSION" [-W#warnings]
#warning "Using deprecated NumPy API, disable it by " \
 ^
1 warning generated.
/usr/bin/clang -bundle -undefined dynamic_lookup -L/Users/bull/anaconda/envs/scikit-learn/lib -arch x86_64 build/temp.macosx-10.6-x86_64-3.5/sklearn/metrics/cluster/expected_mutual_info_fast.o -L/Users/bull/anaconda/envs/scikit-learn/lib -Lbuild/temp.macosx-10.6-x86_64-3.5 -lm -o sklearn/metrics/cluster/expected_mutual_info_fast.cpython-35m-darwin.so
building 'sklearn.neighbors.ball_tree' extension
compiling C sources
C compiler: /usr/bin/clang -Wno-unused-result -Wsign-compare -Wunreachable-code -DNDEBUG -g -fwrapv -O3 -Wall -Wstrict-prototypes -I/Users/bull/anaconda/envs/scikit-learn/include -arch x86_64

creating build/temp.macosx-10.6-x86_64-3.5/sklearn/neighbors
compile options: '-I/Users/bull/anaconda/envs/scikit-learn/lib/python3.5/site-packages/numpy/core/include -I/Users/bull/anaconda/envs/scikit-learn/lib/python3.5/site-packages/numpy/core/include -I/Users/bull/anaconda/envs/scikit-learn/include/python3.5m -c'
clang: sklearn/neighbors/ball_tree.c
In file included from sklearn/neighbors/ball_tree.c:453:
In file included from /Users/bull/anaconda/envs/scikit-learn/lib/python3.5/site-packages/numpy/core/include/numpy/arrayobject.h:4:
In file included from /Users/bull/anaconda/envs/scikit-learn/lib/python3.5/site-packages/numpy/core/include/numpy/ndarrayobject.h:18:
In file included from /Users/bull/anaconda/envs/scikit-learn/lib/python3.5/site-packages/numpy/core/include/numpy/ndarraytypes.h:1777:
/Users/bull/anaconda/envs/scikit-learn/lib/python3.5/site-packages/numpy/core/include/numpy/npy_1_7_deprecated_api.h:15:2: warning: "Using deprecated NumPy API, disable it by "          "#defining NPY_NO_DEPRECATED_API NPY_1_7_API_VERSION" [-W#warnings]
#warning "Using deprecated NumPy API, disable it by " \
 ^
sklearn/neighbors/ball_tree.c:8232:7: warning: variable '__pyx_r' is used uninitialized whenever 'if' condition is true [-Wsometimes-uninitialized]
  if (unlikely(!__pyx_v_self->data.memview)) {PyErr_SetString(PyExc_AttributeError,"Memoryview is not initialized");__PYX_ERR(0, 940, __pyx_L1_error)}
      ^~~~~~~~~~~~~~~~~~~~~~~~~~~~~~~~~~~~~
sklearn/neighbors/ball_tree.c:634:23: note: expanded from macro 'unlikely'
  #define unlikely(x) __builtin_expect(!!(x), 0)
                      ^~~~~~~~~~~~~~~~~~~~~~~~~~
sklearn/neighbors/ball_tree.c:8250:10: note: uninitialized use occurs here
  return __pyx_r;
         ^~~~~~~
sklearn/neighbors/ball_tree.c:8232:3: note: remove the 'if' if its condition is always false
  if (unlikely(!__pyx_v_self->data.memview)) {PyErr_SetString(PyExc_AttributeError,"Memoryview is not initialized");__PYX_ERR(0, 940, __pyx_L1_error)}
  ^~~~~~~~~~~~~~~~~~~~~~~~~~~~~~~~~~~~~~~~~~~~~~~~~~~~~~~~~~~~~~~~~~~~~~~~~~~~~~~~~~~~~~~~~~~~~~~~~~~~~~~~~~~~~~~~~~~~~~~~~~~~~~~~~~~~~~~~~~~~~~~~~~~~
sklearn/neighbors/ball_tree.c:8220:3: note: variable '__pyx_r' is declared here
  struct __pyx_t_7sklearn_9neighbors_9ball_tree_NodeHeapData_t __pyx_r;
  ^
sklearn/neighbors/ball_tree.c:8315:7: warning: variable '__pyx_r' is used uninitialized whenever 'if' condition is true [-Wsometimes-uninitialized]
  if (unlikely(!__pyx_v_self->data.memview)) {PyErr_SetString(PyExc_AttributeError,"Memoryview is not initialized");__PYX_ERR(0, 948, __pyx_L1_error)}
      ^~~~~~~~~~~~~~~~~~~~~~~~~~~~~~~~~~~~~
sklearn/neighbors/ball_tree.c:634:23: note: expanded from macro 'unlikely'
  #define unlikely(x) __builtin_expect(!!(x), 0)
                      ^~~~~~~~~~~~~~~~~~~~~~~~~~
sklearn/neighbors/ball_tree.c:8579:10: note: uninitialized use occurs here
  return __pyx_r;
         ^~~~~~~
sklearn/neighbors/ball_tree.c:8315:3: note: remove the 'if' if its condition is always false
  if (unlikely(!__pyx_v_self->data.memview)) {PyErr_SetString(PyExc_AttributeError,"Memoryview is not initialized");__PYX_ERR(0, 948, __pyx_L1_error)}
  ^~~~~~~~~~~~~~~~~~~~~~~~~~~~~~~~~~~~~~~~~~~~~~~~~~~~~~~~~~~~~~~~~~~~~~~~~~~~~~~~~~~~~~~~~~~~~~~~~~~~~~~~~~~~~~~~~~~~~~~~~~~~~~~~~~~~~~~~~~~~~~~~~~~~
sklearn/neighbors/ball_tree.c:8284:7: warning: variable '__pyx_r' is used uninitialized whenever 'if' condition is true [-Wsometimes-uninitialized]
  if (__pyx_t_1) {
      ^~~~~~~~~
sklearn/neighbors/ball_tree.c:8579:10: note: uninitialized use occurs here
  return __pyx_r;
         ^~~~~~~
sklearn/neighbors/ball_tree.c:8284:3: note: remove the 'if' if its condition is always false
  if (__pyx_t_1) {
  ^~~~~~~~~~~~~~~~
sklearn/neighbors/ball_tree.c:8268:3: note: variable '__pyx_r' is declared here
  struct __pyx_t_7sklearn_9neighbors_9ball_tree_NodeHeapData_t __pyx_r;
  ^
sklearn/neighbors/ball_tree.c:26048:59: warning: variable '__pyx_r' is used uninitialized whenever 'if' condition is true [-Wsometimes-uninitialized]
  __pyx_t_11 = __pyx_PyFloat_AsDouble(__pyx_v_value); if (unlikely((__pyx_t_11 == ((npy_float64)-1)) && PyErr_Occurred())) __PYX_ERR(3, 35, __pyx_L1_error)
                                                          ^~~~~~~~~~~~~~~~~~~~~~~~~~~~~~~~~~~~~~~~~~~~~~~~~~~~~~~~~~~~~~~
sklearn/neighbors/ball_tree.c:634:23: note: expanded from macro 'unlikely'
  #define unlikely(x) __builtin_expect(!!(x), 0)
                      ^~~~~~~~~~~~~~~~~~~~~~~~~~
sklearn/neighbors/ball_tree.c:26079:10: note: uninitialized use occurs here
  return __pyx_r;
         ^~~~~~~
sklearn/neighbors/ball_tree.c:26048:55: note: remove the 'if' if its condition is always false
  __pyx_t_11 = __pyx_PyFloat_AsDouble(__pyx_v_value); if (unlikely((__pyx_t_11 == ((npy_float64)-1)) && PyErr_Occurred())) __PYX_ERR(3, 35, __pyx_L1_error)
                                                      ^~~~~~~~~~~~~~~~~~~~~~~~~~~~~~~~~~~~~~~~~~~~~~~~~~~~~~~~~~~~~~~~~~~~~~~~~~~~~~~~~~~~~~~~~~~~~~~~~~~~~
sklearn/neighbors/ball_tree.c:25970:72: warning: variable '__pyx_r' is used uninitialized whenever 'if' condition is true [-Wsometimes-uninitialized]
      __pyx_t_8 = PyObject_GetItem(__pyx_v_obj, __pyx_n_s_radius); if (unlikely(!__pyx_t_8)) __PYX_ERR(3, 32, __pyx_L34_error)
                                                                       ^~~~~~~~~~~~~~~~~~~~
sklearn/neighbors/ball_tree.c:634:23: note: expanded from macro 'unlikely'
  #define unlikely(x) __builtin_expect(!!(x), 0)
                      ^~~~~~~~~~~~~~~~~~~~~~~~~~
sklearn/neighbors/ball_tree.c:26079:10: note: uninitialized use occurs here
  return __pyx_r;
         ^~~~~~~
sklearn/neighbors/ball_tree.c:25970:68: note: remove the 'if' if its condition is always false
      __pyx_t_8 = PyObject_GetItem(__pyx_v_obj, __pyx_n_s_radius); if (unlikely(!__pyx_t_8)) __PYX_ERR(3, 32, __pyx_L34_error)
                                                                   ^~~~~~~~~~~~~~~~~~~~~~~~~~~~~~~~~~~~~~~~~~~~~~~~~~~~~~~~~~~
sklearn/neighbors/ball_tree.c:25944:63: warning: variable '__pyx_r' is used uninitialized whenever 'if' condition is true [-Wsometimes-uninitialized]
  __pyx_t_10 = __Pyx_PyInt_As_Py_intptr_t(__pyx_v_value); if (unlikely((__pyx_t_10 == ((npy_intp)-1)) && PyErr_Occurred())) __PYX_ERR(3, 30, __pyx_L1_error)
                                                              ^~~~~~~~~~~~~~~~~~~~~~~~~~~~~~~~~~~~~~~~~~~~~~~~~~~~~~~~~~~~
sklearn/neighbors/ball_tree.c:634:23: note: expanded from macro 'unlikely'
  #define unlikely(x) __builtin_expect(!!(x), 0)
                      ^~~~~~~~~~~~~~~~~~~~~~~~~~
sklearn/neighbors/ball_tree.c:26079:10: note: uninitialized use occurs here
  return __pyx_r;
         ^~~~~~~
sklearn/neighbors/ball_tree.c:25944:59: note: remove the 'if' if its condition is always false
  __pyx_t_10 = __Pyx_PyInt_As_Py_intptr_t(__pyx_v_value); if (unlikely((__pyx_t_10 == ((npy_intp)-1)) && PyErr_Occurred())) __PYX_ERR(3, 30, __pyx_L1_error)
                                                          ^~~~~~~~~~~~~~~~~~~~~~~~~~~~~~~~~~~~~~~~~~~~~~~~~~~~~~~~~~~~~~~~~~~~~~~~~~~~~~~~~~~~~~~~~~~~~~~~~~
sklearn/neighbors/ball_tree.c:25866:73: warning: variable '__pyx_r' is used uninitialized whenever 'if' condition is true [-Wsometimes-uninitialized]
      __pyx_t_2 = PyObject_GetItem(__pyx_v_obj, __pyx_n_s_is_leaf); if (unlikely(!__pyx_t_2)) __PYX_ERR(3, 27, __pyx_L24_error)
                                                                        ^~~~~~~~~~~~~~~~~~~~
sklearn/neighbors/ball_tree.c:634:23: note: expanded from macro 'unlikely'
  #define unlikely(x) __builtin_expect(!!(x), 0)
                      ^~~~~~~~~~~~~~~~~~~~~~~~~~
sklearn/neighbors/ball_tree.c:26079:10: note: uninitialized use occurs here
  return __pyx_r;
         ^~~~~~~
sklearn/neighbors/ball_tree.c:25866:69: note: remove the 'if' if its condition is always false
      __pyx_t_2 = PyObject_GetItem(__pyx_v_obj, __pyx_n_s_is_leaf); if (unlikely(!__pyx_t_2)) __PYX_ERR(3, 27, __pyx_L24_error)
                                                                    ^~~~~~~~~~~~~~~~~~~~~~~~~~~~~~~~~~~~~~~~~~~~~~~~~~~~~~~~~~~
sklearn/neighbors/ball_tree.c:25840:63: warning: variable '__pyx_r' is used uninitialized whenever 'if' condition is true [-Wsometimes-uninitialized]
  __pyx_t_10 = __Pyx_PyInt_As_Py_intptr_t(__pyx_v_value); if (unlikely((__pyx_t_10 == ((npy_intp)-1)) && PyErr_Occurred())) __PYX_ERR(3, 25, __pyx_L1_error)
                                                              ^~~~~~~~~~~~~~~~~~~~~~~~~~~~~~~~~~~~~~~~~~~~~~~~~~~~~~~~~~~~
sklearn/neighbors/ball_tree.c:634:23: note: expanded from macro 'unlikely'
  #define unlikely(x) __builtin_expect(!!(x), 0)
                      ^~~~~~~~~~~~~~~~~~~~~~~~~~
sklearn/neighbors/ball_tree.c:26079:10: note: uninitialized use occurs here
  return __pyx_r;
         ^~~~~~~
sklearn/neighbors/ball_tree.c:25840:59: note: remove the 'if' if its condition is always false
  __pyx_t_10 = __Pyx_PyInt_As_Py_intptr_t(__pyx_v_value); if (unlikely((__pyx_t_10 == ((npy_intp)-1)) && PyErr_Occurred())) __PYX_ERR(3, 25, __pyx_L1_error)
                                                          ^~~~~~~~~~~~~~~~~~~~~~~~~~~~~~~~~~~~~~~~~~~~~~~~~~~~~~~~~~~~~~~~~~~~~~~~~~~~~~~~~~~~~~~~~~~~~~~~~~
sklearn/neighbors/ball_tree.c:25762:73: warning: variable '__pyx_r' is used uninitialized whenever 'if' condition is true [-Wsometimes-uninitialized]
      __pyx_t_8 = PyObject_GetItem(__pyx_v_obj, __pyx_n_s_idx_end); if (unlikely(!__pyx_t_8)) __PYX_ERR(3, 22, __pyx_L14_error)
                                                                        ^~~~~~~~~~~~~~~~~~~~
sklearn/neighbors/ball_tree.c:634:23: note: expanded from macro 'unlikely'
  #define unlikely(x) __builtin_expect(!!(x), 0)
                      ^~~~~~~~~~~~~~~~~~~~~~~~~~
sklearn/neighbors/ball_tree.c:26079:10: note: uninitialized use occurs here
  return __pyx_r;
         ^~~~~~~
sklearn/neighbors/ball_tree.c:25762:69: note: remove the 'if' if its condition is always false
      __pyx_t_8 = PyObject_GetItem(__pyx_v_obj, __pyx_n_s_idx_end); if (unlikely(!__pyx_t_8)) __PYX_ERR(3, 22, __pyx_L14_error)
                                                                    ^~~~~~~~~~~~~~~~~~~~~~~~~~~~~~~~~~~~~~~~~~~~~~~~~~~~~~~~~~~
sklearn/neighbors/ball_tree.c:25736:63: warning: variable '__pyx_r' is used uninitialized whenever 'if' condition is true [-Wsometimes-uninitialized]
  __pyx_t_10 = __Pyx_PyInt_As_Py_intptr_t(__pyx_v_value); if (unlikely((__pyx_t_10 == ((npy_intp)-1)) && PyErr_Occurred())) __PYX_ERR(3, 20, __pyx_L1_error)
                                                              ^~~~~~~~~~~~~~~~~~~~~~~~~~~~~~~~~~~~~~~~~~~~~~~~~~~~~~~~~~~~
sklearn/neighbors/ball_tree.c:634:23: note: expanded from macro 'unlikely'
  #define unlikely(x) __builtin_expect(!!(x), 0)
                      ^~~~~~~~~~~~~~~~~~~~~~~~~~
sklearn/neighbors/ball_tree.c:26079:10: note: uninitialized use occurs here
  return __pyx_r;
         ^~~~~~~
sklearn/neighbors/ball_tree.c:25736:59: note: remove the 'if' if its condition is always false
  __pyx_t_10 = __Pyx_PyInt_As_Py_intptr_t(__pyx_v_value); if (unlikely((__pyx_t_10 == ((npy_intp)-1)) && PyErr_Occurred())) __PYX_ERR(3, 20, __pyx_L1_error)
                                                          ^~~~~~~~~~~~~~~~~~~~~~~~~~~~~~~~~~~~~~~~~~~~~~~~~~~~~~~~~~~~~~~~~~~~~~~~~~~~~~~~~~~~~~~~~~~~~~~~~~
sklearn/neighbors/ball_tree.c:25661:75: warning: variable '__pyx_r' is used uninitialized whenever 'if' condition is true [-Wsometimes-uninitialized]
      __pyx_t_2 = PyObject_GetItem(__pyx_v_obj, __pyx_n_s_idx_start); if (unlikely(!__pyx_t_2)) __PYX_ERR(3, 17, __pyx_L4_error)
                                                                          ^~~~~~~~~~~~~~~~~~~~
sklearn/neighbors/ball_tree.c:634:23: note: expanded from macro 'unlikely'
  #define unlikely(x) __builtin_expect(!!(x), 0)
                      ^~~~~~~~~~~~~~~~~~~~~~~~~~
sklearn/neighbors/ball_tree.c:26079:10: note: uninitialized use occurs here
  return __pyx_r;
         ^~~~~~~
sklearn/neighbors/ball_tree.c:25661:71: note: remove the 'if' if its condition is always false
      __pyx_t_2 = PyObject_GetItem(__pyx_v_obj, __pyx_n_s_idx_start); if (unlikely(!__pyx_t_2)) __PYX_ERR(3, 17, __pyx_L4_error)
                                                                      ^~~~~~~~~~~~~~~~~~~~~~~~~~~~~~~~~~~~~~~~~~~~~~~~~~~~~~~~~~
sklearn/neighbors/ball_tree.c:25625:160: warning: variable '__pyx_r' is used uninitialized whenever 'if' condition is true [-Wsometimes-uninitialized]
    __pyx_t_2 = PyErr_Format(__pyx_builtin_TypeError, ((char const *)"Expected %.16s, got %.200s"), ((char *)"a mapping"), Py_TYPE(__pyx_v_obj)->tp_name); if (unlikely(!__pyx_t_2)) __PYX_ERR(3, 14, __pyx_L1_error)
                                                                                                                                                               ^~~~~~~~~~~~~~~~~~~~
sklearn/neighbors/ball_tree.c:634:23: note: expanded from macro 'unlikely'
  #define unlikely(x) __builtin_expect(!!(x), 0)
                      ^~~~~~~~~~~~~~~~~~~~~~~~~~
sklearn/neighbors/ball_tree.c:26079:10: note: uninitialized use occurs here
  return __pyx_r;
         ^~~~~~~
sklearn/neighbors/ball_tree.c:25625:156: note: remove the 'if' if its condition is always false
    __pyx_t_2 = PyErr_Format(__pyx_builtin_TypeError, ((char const *)"Expected %.16s, got %.200s"), ((char *)"a mapping"), Py_TYPE(__pyx_v_obj)->tp_name); if (unlikely(!__pyx_t_2)) __PYX_ERR(3, 14, __pyx_L1_error)
                                                                                                                                                           ^~~~~~~~~~~~~~~~~~~~~~~~~~~~~~~~~~~~~~~~~~~~~~~~~~~~~~~~~~
sklearn/neighbors/ball_tree.c:25593:3: note: variable '__pyx_r' is declared here
  struct __pyx_t_7sklearn_9neighbors_9ball_tree_NodeData_t __pyx_r;
  ^
13 warnings generated.
/usr/bin/clang -bundle -undefined dynamic_lookup -L/Users/bull/anaconda/envs/scikit-learn/lib -arch x86_64 build/temp.macosx-10.6-x86_64-3.5/sklearn/neighbors/ball_tree.o -L/Users/bull/anaconda/envs/scikit-learn/lib -Lbuild/temp.macosx-10.6-x86_64-3.5 -lm -o sklearn/neighbors/ball_tree.cpython-35m-darwin.so
building 'sklearn.neighbors.kd_tree' extension
compiling C sources
C compiler: /usr/bin/clang -Wno-unused-result -Wsign-compare -Wunreachable-code -DNDEBUG -g -fwrapv -O3 -Wall -Wstrict-prototypes -I/Users/bull/anaconda/envs/scikit-learn/include -arch x86_64

compile options: '-I/Users/bull/anaconda/envs/scikit-learn/lib/python3.5/site-packages/numpy/core/include -I/Users/bull/anaconda/envs/scikit-learn/lib/python3.5/site-packages/numpy/core/include -I/Users/bull/anaconda/envs/scikit-learn/include/python3.5m -c'
clang: sklearn/neighbors/kd_tree.c
In file included from sklearn/neighbors/kd_tree.c:453:
In file included from /Users/bull/anaconda/envs/scikit-learn/lib/python3.5/site-packages/numpy/core/include/numpy/arrayobject.h:4:
In file included from /Users/bull/anaconda/envs/scikit-learn/lib/python3.5/site-packages/numpy/core/include/numpy/ndarrayobject.h:18:
In file included from /Users/bull/anaconda/envs/scikit-learn/lib/python3.5/site-packages/numpy/core/include/numpy/ndarraytypes.h:1777:
/Users/bull/anaconda/envs/scikit-learn/lib/python3.5/site-packages/numpy/core/include/numpy/npy_1_7_deprecated_api.h:15:2: warning: "Using deprecated NumPy API, disable it by "          "#defining NPY_NO_DEPRECATED_API NPY_1_7_API_VERSION" [-W#warnings]
#warning "Using deprecated NumPy API, disable it by " \
 ^
sklearn/neighbors/kd_tree.c:8203:7: warning: variable '__pyx_r' is used uninitialized whenever 'if' condition is true [-Wsometimes-uninitialized]
  if (unlikely(!__pyx_v_self->data.memview)) {PyErr_SetString(PyExc_AttributeError,"Memoryview is not initialized");__PYX_ERR(0, 940, __pyx_L1_error)}
      ^~~~~~~~~~~~~~~~~~~~~~~~~~~~~~~~~~~~~
sklearn/neighbors/kd_tree.c:634:23: note: expanded from macro 'unlikely'
  #define unlikely(x) __builtin_expect(!!(x), 0)
                      ^~~~~~~~~~~~~~~~~~~~~~~~~~
sklearn/neighbors/kd_tree.c:8221:10: note: uninitialized use occurs here
  return __pyx_r;
         ^~~~~~~
sklearn/neighbors/kd_tree.c:8203:3: note: remove the 'if' if its condition is always false
  if (unlikely(!__pyx_v_self->data.memview)) {PyErr_SetString(PyExc_AttributeError,"Memoryview is not initialized");__PYX_ERR(0, 940, __pyx_L1_error)}
  ^~~~~~~~~~~~~~~~~~~~~~~~~~~~~~~~~~~~~~~~~~~~~~~~~~~~~~~~~~~~~~~~~~~~~~~~~~~~~~~~~~~~~~~~~~~~~~~~~~~~~~~~~~~~~~~~~~~~~~~~~~~~~~~~~~~~~~~~~~~~~~~~~~~~
sklearn/neighbors/kd_tree.c:8191:3: note: variable '__pyx_r' is declared here
  struct __pyx_t_7sklearn_9neighbors_7kd_tree_NodeHeapData_t __pyx_r;
  ^
sklearn/neighbors/kd_tree.c:8286:7: warning: variable '__pyx_r' is used uninitialized whenever 'if' condition is true [-Wsometimes-uninitialized]
  if (unlikely(!__pyx_v_self->data.memview)) {PyErr_SetString(PyExc_AttributeError,"Memoryview is not initialized");__PYX_ERR(0, 948, __pyx_L1_error)}
      ^~~~~~~~~~~~~~~~~~~~~~~~~~~~~~~~~~~~~
sklearn/neighbors/kd_tree.c:634:23: note: expanded from macro 'unlikely'
  #define unlikely(x) __builtin_expect(!!(x), 0)
                      ^~~~~~~~~~~~~~~~~~~~~~~~~~
sklearn/neighbors/kd_tree.c:8550:10: note: uninitialized use occurs here
  return __pyx_r;
         ^~~~~~~
sklearn/neighbors/kd_tree.c:8286:3: note: remove the 'if' if its condition is always false
  if (unlikely(!__pyx_v_self->data.memview)) {PyErr_SetString(PyExc_AttributeError,"Memoryview is not initialized");__PYX_ERR(0, 948, __pyx_L1_error)}
  ^~~~~~~~~~~~~~~~~~~~~~~~~~~~~~~~~~~~~~~~~~~~~~~~~~~~~~~~~~~~~~~~~~~~~~~~~~~~~~~~~~~~~~~~~~~~~~~~~~~~~~~~~~~~~~~~~~~~~~~~~~~~~~~~~~~~~~~~~~~~~~~~~~~~
sklearn/neighbors/kd_tree.c:8255:7: warning: variable '__pyx_r' is used uninitialized whenever 'if' condition is true [-Wsometimes-uninitialized]
  if (__pyx_t_1) {
      ^~~~~~~~~
sklearn/neighbors/kd_tree.c:8550:10: note: uninitialized use occurs here
  return __pyx_r;
         ^~~~~~~
sklearn/neighbors/kd_tree.c:8255:3: note: remove the 'if' if its condition is always false
  if (__pyx_t_1) {
  ^~~~~~~~~~~~~~~~
sklearn/neighbors/kd_tree.c:8239:3: note: variable '__pyx_r' is declared here
  struct __pyx_t_7sklearn_9neighbors_7kd_tree_NodeHeapData_t __pyx_r;
  ^
sklearn/neighbors/kd_tree.c:26733:59: warning: variable '__pyx_r' is used uninitialized whenever 'if' condition is true [-Wsometimes-uninitialized]
  __pyx_t_11 = __pyx_PyFloat_AsDouble(__pyx_v_value); if (unlikely((__pyx_t_11 == ((npy_float64)-1)) && PyErr_Occurred())) __PYX_ERR(3, 35, __pyx_L1_error)
                                                          ^~~~~~~~~~~~~~~~~~~~~~~~~~~~~~~~~~~~~~~~~~~~~~~~~~~~~~~~~~~~~~~
sklearn/neighbors/kd_tree.c:634:23: note: expanded from macro 'unlikely'
  #define unlikely(x) __builtin_expect(!!(x), 0)
                      ^~~~~~~~~~~~~~~~~~~~~~~~~~
sklearn/neighbors/kd_tree.c:26764:10: note: uninitialized use occurs here
  return __pyx_r;
         ^~~~~~~
sklearn/neighbors/kd_tree.c:26733:55: note: remove the 'if' if its condition is always false
  __pyx_t_11 = __pyx_PyFloat_AsDouble(__pyx_v_value); if (unlikely((__pyx_t_11 == ((npy_float64)-1)) && PyErr_Occurred())) __PYX_ERR(3, 35, __pyx_L1_error)
                                                      ^~~~~~~~~~~~~~~~~~~~~~~~~~~~~~~~~~~~~~~~~~~~~~~~~~~~~~~~~~~~~~~~~~~~~~~~~~~~~~~~~~~~~~~~~~~~~~~~~~~~~
sklearn/neighbors/kd_tree.c:26655:72: warning: variable '__pyx_r' is used uninitialized whenever 'if' condition is true [-Wsometimes-uninitialized]
      __pyx_t_8 = PyObject_GetItem(__pyx_v_obj, __pyx_n_s_radius); if (unlikely(!__pyx_t_8)) __PYX_ERR(3, 32, __pyx_L34_error)
                                                                       ^~~~~~~~~~~~~~~~~~~~
sklearn/neighbors/kd_tree.c:634:23: note: expanded from macro 'unlikely'
  #define unlikely(x) __builtin_expect(!!(x), 0)
                      ^~~~~~~~~~~~~~~~~~~~~~~~~~
sklearn/neighbors/kd_tree.c:26764:10: note: uninitialized use occurs here
  return __pyx_r;
         ^~~~~~~
sklearn/neighbors/kd_tree.c:26655:68: note: remove the 'if' if its condition is always false
      __pyx_t_8 = PyObject_GetItem(__pyx_v_obj, __pyx_n_s_radius); if (unlikely(!__pyx_t_8)) __PYX_ERR(3, 32, __pyx_L34_error)
                                                                   ^~~~~~~~~~~~~~~~~~~~~~~~~~~~~~~~~~~~~~~~~~~~~~~~~~~~~~~~~~~
sklearn/neighbors/kd_tree.c:26629:63: warning: variable '__pyx_r' is used uninitialized whenever 'if' condition is true [-Wsometimes-uninitialized]
  __pyx_t_10 = __Pyx_PyInt_As_Py_intptr_t(__pyx_v_value); if (unlikely((__pyx_t_10 == ((npy_intp)-1)) && PyErr_Occurred())) __PYX_ERR(3, 30, __pyx_L1_error)
                                                              ^~~~~~~~~~~~~~~~~~~~~~~~~~~~~~~~~~~~~~~~~~~~~~~~~~~~~~~~~~~~
sklearn/neighbors/kd_tree.c:634:23: note: expanded from macro 'unlikely'
  #define unlikely(x) __builtin_expect(!!(x), 0)
                      ^~~~~~~~~~~~~~~~~~~~~~~~~~
sklearn/neighbors/kd_tree.c:26764:10: note: uninitialized use occurs here
  return __pyx_r;
         ^~~~~~~
sklearn/neighbors/kd_tree.c:26629:59: note: remove the 'if' if its condition is always false
  __pyx_t_10 = __Pyx_PyInt_As_Py_intptr_t(__pyx_v_value); if (unlikely((__pyx_t_10 == ((npy_intp)-1)) && PyErr_Occurred())) __PYX_ERR(3, 30, __pyx_L1_error)
                                                          ^~~~~~~~~~~~~~~~~~~~~~~~~~~~~~~~~~~~~~~~~~~~~~~~~~~~~~~~~~~~~~~~~~~~~~~~~~~~~~~~~~~~~~~~~~~~~~~~~~
sklearn/neighbors/kd_tree.c:26551:73: warning: variable '__pyx_r' is used uninitialized whenever 'if' condition is true [-Wsometimes-uninitialized]
      __pyx_t_2 = PyObject_GetItem(__pyx_v_obj, __pyx_n_s_is_leaf); if (unlikely(!__pyx_t_2)) __PYX_ERR(3, 27, __pyx_L24_error)
                                                                        ^~~~~~~~~~~~~~~~~~~~
sklearn/neighbors/kd_tree.c:634:23: note: expanded from macro 'unlikely'
  #define unlikely(x) __builtin_expect(!!(x), 0)
                      ^~~~~~~~~~~~~~~~~~~~~~~~~~
sklearn/neighbors/kd_tree.c:26764:10: note: uninitialized use occurs here
  return __pyx_r;
         ^~~~~~~
sklearn/neighbors/kd_tree.c:26551:69: note: remove the 'if' if its condition is always false
      __pyx_t_2 = PyObject_GetItem(__pyx_v_obj, __pyx_n_s_is_leaf); if (unlikely(!__pyx_t_2)) __PYX_ERR(3, 27, __pyx_L24_error)
                                                                    ^~~~~~~~~~~~~~~~~~~~~~~~~~~~~~~~~~~~~~~~~~~~~~~~~~~~~~~~~~~
sklearn/neighbors/kd_tree.c:26525:63: warning: variable '__pyx_r' is used uninitialized whenever 'if' condition is true [-Wsometimes-uninitialized]
  __pyx_t_10 = __Pyx_PyInt_As_Py_intptr_t(__pyx_v_value); if (unlikely((__pyx_t_10 == ((npy_intp)-1)) && PyErr_Occurred())) __PYX_ERR(3, 25, __pyx_L1_error)
                                                              ^~~~~~~~~~~~~~~~~~~~~~~~~~~~~~~~~~~~~~~~~~~~~~~~~~~~~~~~~~~~
sklearn/neighbors/kd_tree.c:634:23: note: expanded from macro 'unlikely'
  #define unlikely(x) __builtin_expect(!!(x), 0)
                      ^~~~~~~~~~~~~~~~~~~~~~~~~~
sklearn/neighbors/kd_tree.c:26764:10: note: uninitialized use occurs here
  return __pyx_r;
         ^~~~~~~
sklearn/neighbors/kd_tree.c:26525:59: note: remove the 'if' if its condition is always false
  __pyx_t_10 = __Pyx_PyInt_As_Py_intptr_t(__pyx_v_value); if (unlikely((__pyx_t_10 == ((npy_intp)-1)) && PyErr_Occurred())) __PYX_ERR(3, 25, __pyx_L1_error)
                                                          ^~~~~~~~~~~~~~~~~~~~~~~~~~~~~~~~~~~~~~~~~~~~~~~~~~~~~~~~~~~~~~~~~~~~~~~~~~~~~~~~~~~~~~~~~~~~~~~~~~
sklearn/neighbors/kd_tree.c:26447:73: warning: variable '__pyx_r' is used uninitialized whenever 'if' condition is true [-Wsometimes-uninitialized]
      __pyx_t_8 = PyObject_GetItem(__pyx_v_obj, __pyx_n_s_idx_end); if (unlikely(!__pyx_t_8)) __PYX_ERR(3, 22, __pyx_L14_error)
                                                                        ^~~~~~~~~~~~~~~~~~~~
sklearn/neighbors/kd_tree.c:634:23: note: expanded from macro 'unlikely'
  #define unlikely(x) __builtin_expect(!!(x), 0)
                      ^~~~~~~~~~~~~~~~~~~~~~~~~~
sklearn/neighbors/kd_tree.c:26764:10: note: uninitialized use occurs here
  return __pyx_r;
         ^~~~~~~
sklearn/neighbors/kd_tree.c:26447:69: note: remove the 'if' if its condition is always false
      __pyx_t_8 = PyObject_GetItem(__pyx_v_obj, __pyx_n_s_idx_end); if (unlikely(!__pyx_t_8)) __PYX_ERR(3, 22, __pyx_L14_error)
                                                                    ^~~~~~~~~~~~~~~~~~~~~~~~~~~~~~~~~~~~~~~~~~~~~~~~~~~~~~~~~~~
sklearn/neighbors/kd_tree.c:26421:63: warning: variable '__pyx_r' is used uninitialized whenever 'if' condition is true [-Wsometimes-uninitialized]
  __pyx_t_10 = __Pyx_PyInt_As_Py_intptr_t(__pyx_v_value); if (unlikely((__pyx_t_10 == ((npy_intp)-1)) && PyErr_Occurred())) __PYX_ERR(3, 20, __pyx_L1_error)
                                                              ^~~~~~~~~~~~~~~~~~~~~~~~~~~~~~~~~~~~~~~~~~~~~~~~~~~~~~~~~~~~
sklearn/neighbors/kd_tree.c:634:23: note: expanded from macro 'unlikely'
  #define unlikely(x) __builtin_expect(!!(x), 0)
                      ^~~~~~~~~~~~~~~~~~~~~~~~~~
sklearn/neighbors/kd_tree.c:26764:10: note: uninitialized use occurs here
  return __pyx_r;
         ^~~~~~~
sklearn/neighbors/kd_tree.c:26421:59: note: remove the 'if' if its condition is always false
  __pyx_t_10 = __Pyx_PyInt_As_Py_intptr_t(__pyx_v_value); if (unlikely((__pyx_t_10 == ((npy_intp)-1)) && PyErr_Occurred())) __PYX_ERR(3, 20, __pyx_L1_error)
                                                          ^~~~~~~~~~~~~~~~~~~~~~~~~~~~~~~~~~~~~~~~~~~~~~~~~~~~~~~~~~~~~~~~~~~~~~~~~~~~~~~~~~~~~~~~~~~~~~~~~~
sklearn/neighbors/kd_tree.c:26346:75: warning: variable '__pyx_r' is used uninitialized whenever 'if' condition is true [-Wsometimes-uninitialized]
      __pyx_t_2 = PyObject_GetItem(__pyx_v_obj, __pyx_n_s_idx_start); if (unlikely(!__pyx_t_2)) __PYX_ERR(3, 17, __pyx_L4_error)
                                                                          ^~~~~~~~~~~~~~~~~~~~
sklearn/neighbors/kd_tree.c:634:23: note: expanded from macro 'unlikely'
  #define unlikely(x) __builtin_expect(!!(x), 0)
                      ^~~~~~~~~~~~~~~~~~~~~~~~~~
sklearn/neighbors/kd_tree.c:26764:10: note: uninitialized use occurs here
  return __pyx_r;
         ^~~~~~~
sklearn/neighbors/kd_tree.c:26346:71: note: remove the 'if' if its condition is always false
      __pyx_t_2 = PyObject_GetItem(__pyx_v_obj, __pyx_n_s_idx_start); if (unlikely(!__pyx_t_2)) __PYX_ERR(3, 17, __pyx_L4_error)
                                                                      ^~~~~~~~~~~~~~~~~~~~~~~~~~~~~~~~~~~~~~~~~~~~~~~~~~~~~~~~~~
sklearn/neighbors/kd_tree.c:26310:160: warning: variable '__pyx_r' is used uninitialized whenever 'if' condition is true [-Wsometimes-uninitialized]
    __pyx_t_2 = PyErr_Format(__pyx_builtin_TypeError, ((char const *)"Expected %.16s, got %.200s"), ((char *)"a mapping"), Py_TYPE(__pyx_v_obj)->tp_name); if (unlikely(!__pyx_t_2)) __PYX_ERR(3, 14, __pyx_L1_error)
                                                                                                                                                               ^~~~~~~~~~~~~~~~~~~~
sklearn/neighbors/kd_tree.c:634:23: note: expanded from macro 'unlikely'
  #define unlikely(x) __builtin_expect(!!(x), 0)
                      ^~~~~~~~~~~~~~~~~~~~~~~~~~
sklearn/neighbors/kd_tree.c:26764:10: note: uninitialized use occurs here
  return __pyx_r;
         ^~~~~~~
sklearn/neighbors/kd_tree.c:26310:156: note: remove the 'if' if its condition is always false
    __pyx_t_2 = PyErr_Format(__pyx_builtin_TypeError, ((char const *)"Expected %.16s, got %.200s"), ((char *)"a mapping"), Py_TYPE(__pyx_v_obj)->tp_name); if (unlikely(!__pyx_t_2)) __PYX_ERR(3, 14, __pyx_L1_error)
                                                                                                                                                           ^~~~~~~~~~~~~~~~~~~~~~~~~~~~~~~~~~~~~~~~~~~~~~~~~~~~~~~~~~
sklearn/neighbors/kd_tree.c:26278:3: note: variable '__pyx_r' is declared here
  struct __pyx_t_7sklearn_9neighbors_7kd_tree_NodeData_t __pyx_r;
  ^
13 warnings generated.
/usr/bin/clang -bundle -undefined dynamic_lookup -L/Users/bull/anaconda/envs/scikit-learn/lib -arch x86_64 build/temp.macosx-10.6-x86_64-3.5/sklearn/neighbors/kd_tree.o -L/Users/bull/anaconda/envs/scikit-learn/lib -Lbuild/temp.macosx-10.6-x86_64-3.5 -lm -o sklearn/neighbors/kd_tree.cpython-35m-darwin.so
building 'sklearn.neighbors.dist_metrics' extension
compiling C sources
C compiler: /usr/bin/clang -Wno-unused-result -Wsign-compare -Wunreachable-code -DNDEBUG -g -fwrapv -O3 -Wall -Wstrict-prototypes -I/Users/bull/anaconda/envs/scikit-learn/include -arch x86_64

compile options: '-I/Users/bull/anaconda/envs/scikit-learn/lib/python3.5/site-packages/numpy/core/include -I/Users/bull/anaconda/envs/scikit-learn/lib/python3.5/site-packages/numpy/core/include/numpy -I/Users/bull/anaconda/envs/scikit-learn/lib/python3.5/site-packages/numpy/core/include -I/Users/bull/anaconda/envs/scikit-learn/include/python3.5m -c'
clang: sklearn/neighbors/dist_metrics.c
In file included from sklearn/neighbors/dist_metrics.c:454:
In file included from /Users/bull/anaconda/envs/scikit-learn/lib/python3.5/site-packages/numpy/core/include/numpy/arrayobject.h:4:
In file included from /Users/bull/anaconda/envs/scikit-learn/lib/python3.5/site-packages/numpy/core/include/numpy/ndarrayobject.h:18:
In file included from /Users/bull/anaconda/envs/scikit-learn/lib/python3.5/site-packages/numpy/core/include/numpy/ndarraytypes.h:1777:
/Users/bull/anaconda/envs/scikit-learn/lib/python3.5/site-packages/numpy/core/include/numpy/npy_1_7_deprecated_api.h:15:2: warning: "Using deprecated NumPy API, disable it by "          "#defining NPY_NO_DEPRECATED_API NPY_1_7_API_VERSION" [-W#warnings]
#warning "Using deprecated NumPy API, disable it by " \
 ^
sklearn/neighbors/dist_metrics.c:6683:13: warning: code will never be executed [-Wunreachable-code]
  __pyx_r = 0;
            ^
sklearn/neighbors/dist_metrics.c:6715:85: warning: incompatible pointer types passing 'struct __pyx_obj_7sklearn_9neighbors_12dist_metrics_DistanceMetric *' to parameter of type 'struct __pyx_obj_7sklearn_9neighbors_12dist_metrics_SEuclideanDistance *' [-Wincompatible-pointer-types]
  __pyx_t_1 = __pyx_f_7sklearn_9neighbors_12dist_metrics_18SEuclideanDistance_rdist(((struct __pyx_obj_7sklearn_9neighbors_12dist_metrics_DistanceMetric *)__pyx_v_self), __pyx_v_x1, __pyx_v_x2, __pyx_v_size); if (unlikely(__pyx_t_1 == -1.0)) __PYX_ERR(1, 464, __pyx_L1_error)
                                                                                    ^~~~~~~~~~~~~~~~~~~~~~~~~~~~~~~~~~~~~~~~~~~~~~~~~~~~~~~~~~~~~~~~~~~~~~~~~~~~~~~~~~~~
sklearn/neighbors/dist_metrics.c:6520:196: note: passing argument to parameter '__pyx_v_self' here
static __pyx_t_7sklearn_9neighbors_8typedefs_DTYPE_t __pyx_f_7sklearn_9neighbors_12dist_metrics_18SEuclideanDistance_rdist(struct __pyx_obj_7sklearn_9neighbors_12dist_metrics_SEuclideanDistance *__pyx_v_self, __pyx_t_7sklearn_9neighbors_8typedefs_DTYPE_t *__pyx_v_x1, __pyx_t_7sklearn_9neighbors_8typedefs_DTYPE_t *__pyx_v_x2, __pyx_t_7sklearn_9neighbors_8typedefs_ITYPE_t __pyx_v_size) {
                                                                                                                                                                                                   ^
sklearn/neighbors/dist_metrics.c:7529:84: warning: incompatible pointer types passing 'struct __pyx_obj_7sklearn_9neighbors_12dist_metrics_DistanceMetric *' to parameter of type 'struct __pyx_obj_7sklearn_9neighbors_12dist_metrics_MinkowskiDistance *' [-Wincompatible-pointer-types]
  __pyx_t_1 = __pyx_f_7sklearn_9neighbors_12dist_metrics_17MinkowskiDistance_rdist(((struct __pyx_obj_7sklearn_9neighbors_12dist_metrics_DistanceMetric *)__pyx_v_self), __pyx_v_x1, __pyx_v_x2, __pyx_v_size); if (unlikely(__pyx_t_1 == -1.0)) __PYX_ERR(1, 553, __pyx_L1_error)
                                                                                   ^~~~~~~~~~~~~~~~~~~~~~~~~~~~~~~~~~~~~~~~~~~~~~~~~~~~~~~~~~~~~~~~~~~~~~~~~~~~~~~~~~~~
sklearn/neighbors/dist_metrics.c:7450:194: note: passing argument to parameter '__pyx_v_self' here
static __pyx_t_7sklearn_9neighbors_8typedefs_DTYPE_t __pyx_f_7sklearn_9neighbors_12dist_metrics_17MinkowskiDistance_rdist(struct __pyx_obj_7sklearn_9neighbors_12dist_metrics_MinkowskiDistance *__pyx_v_self, __pyx_t_7sklearn_9neighbors_8typedefs_DTYPE_t *__pyx_v_x1, __pyx_t_7sklearn_9neighbors_8typedefs_DTYPE_t *__pyx_v_x2, __pyx_t_7sklearn_9neighbors_8typedefs_ITYPE_t __pyx_v_size) {
                                                                                                                                                                                                 ^
sklearn/neighbors/dist_metrics.c:8200:13: warning: code will never be executed [-Wunreachable-code]
  __pyx_r = 0;
            ^
sklearn/neighbors/dist_metrics.c:8232:85: warning: incompatible pointer types passing 'struct __pyx_obj_7sklearn_9neighbors_12dist_metrics_DistanceMetric *' to parameter of type 'struct __pyx_obj_7sklearn_9neighbors_12dist_metrics_WMinkowskiDistance *' [-Wincompatible-pointer-types]
  __pyx_t_1 = __pyx_f_7sklearn_9neighbors_12dist_metrics_18WMinkowskiDistance_rdist(((struct __pyx_obj_7sklearn_9neighbors_12dist_metrics_DistanceMetric *)__pyx_v_self), __pyx_v_x1, __pyx_v_x2, __pyx_v_size); if (unlikely(__pyx_t_1 == -1.0)) __PYX_ERR(1, 612, __pyx_L1_error)
                                                                                    ^~~~~~~~~~~~~~~~~~~~~~~~~~~~~~~~~~~~~~~~~~~~~~~~~~~~~~~~~~~~~~~~~~~~~~~~~~~~~~~~~~~~
sklearn/neighbors/dist_metrics.c:8047:196: note: passing argument to parameter '__pyx_v_self' here
static __pyx_t_7sklearn_9neighbors_8typedefs_DTYPE_t __pyx_f_7sklearn_9neighbors_12dist_metrics_18WMinkowskiDistance_rdist(struct __pyx_obj_7sklearn_9neighbors_12dist_metrics_WMinkowskiDistance *__pyx_v_self, __pyx_t_7sklearn_9neighbors_8typedefs_DTYPE_t *__pyx_v_x1, __pyx_t_7sklearn_9neighbors_8typedefs_DTYPE_t *__pyx_v_x2, __pyx_t_7sklearn_9neighbors_8typedefs_ITYPE_t __pyx_v_size) {
                                                                                                                                                                                                   ^
sklearn/neighbors/dist_metrics.c:9061:13: warning: code will never be executed [-Wunreachable-code]
  __pyx_r = 0;
            ^
sklearn/neighbors/dist_metrics.c:9093:86: warning: incompatible pointer types passing 'struct __pyx_obj_7sklearn_9neighbors_12dist_metrics_DistanceMetric *' to parameter of type 'struct __pyx_obj_7sklearn_9neighbors_12dist_metrics_MahalanobisDistance *' [-Wincompatible-pointer-types]
  __pyx_t_1 = __pyx_f_7sklearn_9neighbors_12dist_metrics_19MahalanobisDistance_rdist(((struct __pyx_obj_7sklearn_9neighbors_12dist_metrics_DistanceMetric *)__pyx_v_self), __pyx_v_x1, __pyx_v_x2, __pyx_v_size); if (unlikely(__pyx_t_1 == -1.0)) __PYX_ERR(1, 685, __pyx_L1_error)
                                                                                     ^~~~~~~~~~~~~~~~~~~~~~~~~~~~~~~~~~~~~~~~~~~~~~~~~~~~~~~~~~~~~~~~~~~~~~~~~~~~~~~~~~~~
sklearn/neighbors/dist_metrics.c:8853:198: note: passing argument to parameter '__pyx_v_self' here
static __pyx_t_7sklearn_9neighbors_8typedefs_DTYPE_t __pyx_f_7sklearn_9neighbors_12dist_metrics_19MahalanobisDistance_rdist(struct __pyx_obj_7sklearn_9neighbors_12dist_metrics_MahalanobisDistance *__pyx_v_self, __pyx_t_7sklearn_9neighbors_8typedefs_DTYPE_t *__pyx_v_x1, __pyx_t_7sklearn_9neighbors_8typedefs_DTYPE_t *__pyx_v_x2, __pyx_t_7sklearn_9neighbors_8typedefs_ITYPE_t __pyx_v_size) {
                                                                                                                                                                                                     ^
sklearn/neighbors/dist_metrics.c:10603:13: warning: code will never be executed [-Wunreachable-code]
  __pyx_r = 0;
            ^
sklearn/neighbors/dist_metrics.c:10763:13: warning: code will never be executed [-Wunreachable-code]
  __pyx_r = 0;
            ^
sklearn/neighbors/dist_metrics.c:11528:13: warning: code will never be executed [-Wunreachable-code]
  __pyx_r = 0;
            ^
11 warnings generated.
/usr/bin/clang -bundle -undefined dynamic_lookup -L/Users/bull/anaconda/envs/scikit-learn/lib -arch x86_64 build/temp.macosx-10.6-x86_64-3.5/sklearn/neighbors/dist_metrics.o -L/Users/bull/anaconda/envs/scikit-learn/lib -Lbuild/temp.macosx-10.6-x86_64-3.5 -lm -o sklearn/neighbors/dist_metrics.cpython-35m-darwin.so
building 'sklearn.neighbors.typedefs' extension
compiling C sources
C compiler: /usr/bin/clang -Wno-unused-result -Wsign-compare -Wunreachable-code -DNDEBUG -g -fwrapv -O3 -Wall -Wstrict-prototypes -I/Users/bull/anaconda/envs/scikit-learn/include -arch x86_64

compile options: '-I/Users/bull/anaconda/envs/scikit-learn/lib/python3.5/site-packages/numpy/core/include -I/Users/bull/anaconda/envs/scikit-learn/lib/python3.5/site-packages/numpy/core/include -I/Users/bull/anaconda/envs/scikit-learn/include/python3.5m -c'
clang: sklearn/neighbors/typedefs.c
In file included from sklearn/neighbors/typedefs.c:453:
In file included from /Users/bull/anaconda/envs/scikit-learn/lib/python3.5/site-packages/numpy/core/include/numpy/arrayobject.h:4:
In file included from /Users/bull/anaconda/envs/scikit-learn/lib/python3.5/site-packages/numpy/core/include/numpy/ndarrayobject.h:18:
In file included from /Users/bull/anaconda/envs/scikit-learn/lib/python3.5/site-packages/numpy/core/include/numpy/ndarraytypes.h:1777:
/Users/bull/anaconda/envs/scikit-learn/lib/python3.5/site-packages/numpy/core/include/numpy/npy_1_7_deprecated_api.h:15:2: warning: "Using deprecated NumPy API, disable it by "          "#defining NPY_NO_DEPRECATED_API NPY_1_7_API_VERSION" [-W#warnings]
#warning "Using deprecated NumPy API, disable it by " \
 ^
1 warning generated.
/usr/bin/clang -bundle -undefined dynamic_lookup -L/Users/bull/anaconda/envs/scikit-learn/lib -arch x86_64 build/temp.macosx-10.6-x86_64-3.5/sklearn/neighbors/typedefs.o -L/Users/bull/anaconda/envs/scikit-learn/lib -Lbuild/temp.macosx-10.6-x86_64-3.5 -lm -o sklearn/neighbors/typedefs.cpython-35m-darwin.so
building 'sklearn.tree._tree' extension
compiling C sources
C compiler: /usr/bin/clang -Wno-unused-result -Wsign-compare -Wunreachable-code -DNDEBUG -g -fwrapv -O3 -Wall -Wstrict-prototypes -I/Users/bull/anaconda/envs/scikit-learn/include -arch x86_64

creating build/temp.macosx-10.6-x86_64-3.5/sklearn/tree
compile options: '-I/Users/bull/anaconda/envs/scikit-learn/lib/python3.5/site-packages/numpy/core/include -I/Users/bull/anaconda/envs/scikit-learn/lib/python3.5/site-packages/numpy/core/include -I/Users/bull/anaconda/envs/scikit-learn/include/python3.5m -c'
extra options: '-O3'
clang: sklearn/tree/_tree.c
In file included from sklearn/tree/_tree.c:456:
In file included from /Users/bull/anaconda/envs/scikit-learn/lib/python3.5/site-packages/numpy/core/include/numpy/arrayobject.h:4:
In file included from /Users/bull/anaconda/envs/scikit-learn/lib/python3.5/site-packages/numpy/core/include/numpy/ndarrayobject.h:18:
In file included from /Users/bull/anaconda/envs/scikit-learn/lib/python3.5/site-packages/numpy/core/include/numpy/ndarraytypes.h:1777:
/Users/bull/anaconda/envs/scikit-learn/lib/python3.5/site-packages/numpy/core/include/numpy/npy_1_7_deprecated_api.h:15:2: warning: "Using deprecated NumPy API, disable it by "          "#defining NPY_NO_DEPRECATED_API NPY_1_7_API_VERSION" [-W#warnings]
#warning "Using deprecated NumPy API, disable it by " \
 ^
sklearn/tree/_tree.c:13697:36: warning: incompatible pointer types passing 'PyObject *' (aka 'struct _object *') to parameter of type 'PyTypeObject *' (aka 'struct _typeobject *') [-Wincompatible-pointer-types]
  __pyx_t_2 = PyArray_NewFromDescr(((PyObject *)__pyx_ptype_5numpy_ndarray), ((PyArray_Descr *)__pyx_t_1), 1, __pyx_v_shape, __pyx_v_strides, ((void *)__pyx_v_self->nodes), NPY_DEFAULT, Py_None); if (unlikely(!__pyx_t_2)) __PYX_ERR(0, 1103, __pyx_L1_error)
                                   ^~~~~~~~~~~~~~~~~~~~~~~~~~~~~~~~~~~~~~~~
2 warnings generated.
/usr/bin/clang -bundle -undefined dynamic_lookup -L/Users/bull/anaconda/envs/scikit-learn/lib -arch x86_64 build/temp.macosx-10.6-x86_64-3.5/sklearn/tree/_tree.o -L/Users/bull/anaconda/envs/scikit-learn/lib -Lbuild/temp.macosx-10.6-x86_64-3.5 -lm -o sklearn/tree/_tree.cpython-35m-darwin.so
building 'sklearn.tree._splitter' extension
compiling C sources
C compiler: /usr/bin/clang -Wno-unused-result -Wsign-compare -Wunreachable-code -DNDEBUG -g -fwrapv -O3 -Wall -Wstrict-prototypes -I/Users/bull/anaconda/envs/scikit-learn/include -arch x86_64

compile options: '-I/Users/bull/anaconda/envs/scikit-learn/lib/python3.5/site-packages/numpy/core/include -I/Users/bull/anaconda/envs/scikit-learn/lib/python3.5/site-packages/numpy/core/include -I/Users/bull/anaconda/envs/scikit-learn/include/python3.5m -c'
extra options: '-O3'
clang: sklearn/tree/_splitter.c
In file included from sklearn/tree/_splitter.c:456:
In file included from /Users/bull/anaconda/envs/scikit-learn/lib/python3.5/site-packages/numpy/core/include/numpy/arrayobject.h:4:
In file included from /Users/bull/anaconda/envs/scikit-learn/lib/python3.5/site-packages/numpy/core/include/numpy/ndarrayobject.h:18:
In file included from /Users/bull/anaconda/envs/scikit-learn/lib/python3.5/site-packages/numpy/core/include/numpy/ndarraytypes.h:1777:
/Users/bull/anaconda/envs/scikit-learn/lib/python3.5/site-packages/numpy/core/include/numpy/npy_1_7_deprecated_api.h:15:2: warning: "Using deprecated NumPy API, disable it by "          "#defining NPY_NO_DEPRECATED_API NPY_1_7_API_VERSION" [-W#warnings]
#warning "Using deprecated NumPy API, disable it by " \
 ^
1 warning generated.
/usr/bin/clang -bundle -undefined dynamic_lookup -L/Users/bull/anaconda/envs/scikit-learn/lib -arch x86_64 build/temp.macosx-10.6-x86_64-3.5/sklearn/tree/_splitter.o -L/Users/bull/anaconda/envs/scikit-learn/lib -Lbuild/temp.macosx-10.6-x86_64-3.5 -lm -o sklearn/tree/_splitter.cpython-35m-darwin.so
building 'sklearn.tree._criterion' extension
compiling C sources
C compiler: /usr/bin/clang -Wno-unused-result -Wsign-compare -Wunreachable-code -DNDEBUG -g -fwrapv -O3 -Wall -Wstrict-prototypes -I/Users/bull/anaconda/envs/scikit-learn/include -arch x86_64

compile options: '-I/Users/bull/anaconda/envs/scikit-learn/lib/python3.5/site-packages/numpy/core/include -I/Users/bull/anaconda/envs/scikit-learn/lib/python3.5/site-packages/numpy/core/include -I/Users/bull/anaconda/envs/scikit-learn/include/python3.5m -c'
extra options: '-O3'
clang: sklearn/tree/_criterion.c
In file included from sklearn/tree/_criterion.c:456:
In file included from /Users/bull/anaconda/envs/scikit-learn/lib/python3.5/site-packages/numpy/core/include/numpy/arrayobject.h:4:
In file included from /Users/bull/anaconda/envs/scikit-learn/lib/python3.5/site-packages/numpy/core/include/numpy/ndarrayobject.h:18:
In file included from /Users/bull/anaconda/envs/scikit-learn/lib/python3.5/site-packages/numpy/core/include/numpy/ndarraytypes.h:1777:
/Users/bull/anaconda/envs/scikit-learn/lib/python3.5/site-packages/numpy/core/include/numpy/npy_1_7_deprecated_api.h:15:2: warning: "Using deprecated NumPy API, disable it by "          "#defining NPY_NO_DEPRECATED_API NPY_1_7_API_VERSION" [-W#warnings]
#warning "Using deprecated NumPy API, disable it by " \
 ^
1 warning generated.
/usr/bin/clang -bundle -undefined dynamic_lookup -L/Users/bull/anaconda/envs/scikit-learn/lib -arch x86_64 build/temp.macosx-10.6-x86_64-3.5/sklearn/tree/_criterion.o -L/Users/bull/anaconda/envs/scikit-learn/lib -Lbuild/temp.macosx-10.6-x86_64-3.5 -lm -o sklearn/tree/_criterion.cpython-35m-darwin.so
building 'sklearn.tree._utils' extension
compiling C sources
C compiler: /usr/bin/clang -Wno-unused-result -Wsign-compare -Wunreachable-code -DNDEBUG -g -fwrapv -O3 -Wall -Wstrict-prototypes -I/Users/bull/anaconda/envs/scikit-learn/include -arch x86_64

compile options: '-I/Users/bull/anaconda/envs/scikit-learn/lib/python3.5/site-packages/numpy/core/include -I/Users/bull/anaconda/envs/scikit-learn/lib/python3.5/site-packages/numpy/core/include -I/Users/bull/anaconda/envs/scikit-learn/include/python3.5m -c'
extra options: '-O3'
clang: sklearn/tree/_utils.c
In file included from sklearn/tree/_utils.c:456:
In file included from /Users/bull/anaconda/envs/scikit-learn/lib/python3.5/site-packages/numpy/core/include/numpy/arrayobject.h:4:
In file included from /Users/bull/anaconda/envs/scikit-learn/lib/python3.5/site-packages/numpy/core/include/numpy/ndarrayobject.h:18:
In file included from /Users/bull/anaconda/envs/scikit-learn/lib/python3.5/site-packages/numpy/core/include/numpy/ndarraytypes.h:1777:
/Users/bull/anaconda/envs/scikit-learn/lib/python3.5/site-packages/numpy/core/include/numpy/npy_1_7_deprecated_api.h:15:2: warning: "Using deprecated NumPy API, disable it by "          "#defining NPY_NO_DEPRECATED_API NPY_1_7_API_VERSION" [-W#warnings]
#warning "Using deprecated NumPy API, disable it by " \
 ^
sklearn/tree/_utils.c:6681:7: warning: variable '__pyx_v_original_median' is used uninitialized whenever 'if' condition is false [-Wsometimes-uninitialized]
  if (__pyx_t_1) {
      ^~~~~~~~~
sklearn/tree/_utils.c:6717:185: note: uninitialized use occurs here
  ((struct __pyx_vtabstruct_7sklearn_4tree_6_utils_WeightedMedianCalculator *)__pyx_v_self->__pyx_vtab)->update_median_parameters_post_push(__pyx_v_self, __pyx_v_data, __pyx_v_weight, __pyx_v_original_median);
                                                                                                                                                                                        ^~~~~~~~~~~~~~~~~~~~~~~
sklearn/tree/_utils.c:6681:3: note: remove the 'if' if its condition is always true
  if (__pyx_t_1) {
  ^~~~~~~~~~~~~~~
sklearn/tree/_utils.c:6669:66: note: initialize the variable '__pyx_v_original_median' to silence this warning
  __pyx_t_7sklearn_4tree_6_utils_DOUBLE_t __pyx_v_original_median;
                                                                 ^
                                                                  = 0.0
sklearn/tree/_utils.c:7026:7: warning: variable '__pyx_v_original_median' is used uninitialized whenever 'if' condition is false [-Wsometimes-uninitialized]
  if (__pyx_t_1) {
      ^~~~~~~~~
sklearn/tree/_utils.c:7062:187: note: uninitialized use occurs here
  ((struct __pyx_vtabstruct_7sklearn_4tree_6_utils_WeightedMedianCalculator *)__pyx_v_self->__pyx_vtab)->update_median_parameters_post_remove(__pyx_v_self, __pyx_v_data, __pyx_v_weight, __pyx_v_original_median);
                                                                                                                                                                                          ^~~~~~~~~~~~~~~~~~~~~~~
sklearn/tree/_utils.c:7026:3: note: remove the 'if' if its condition is always true
  if (__pyx_t_1) {
  ^~~~~~~~~~~~~~~
sklearn/tree/_utils.c:7014:66: note: initialize the variable '__pyx_v_original_median' to silence this warning
  __pyx_t_7sklearn_4tree_6_utils_DOUBLE_t __pyx_v_original_median;
                                                                 ^
                                                                  = 0.0
3 warnings generated.
/usr/bin/clang -bundle -undefined dynamic_lookup -L/Users/bull/anaconda/envs/scikit-learn/lib -arch x86_64 build/temp.macosx-10.6-x86_64-3.5/sklearn/tree/_utils.o -L/Users/bull/anaconda/envs/scikit-learn/lib -Lbuild/temp.macosx-10.6-x86_64-3.5 -lm -o sklearn/tree/_utils.cpython-35m-darwin.so
building 'sklearn.svm.libsvm' extension
compiling C sources
C compiler: /usr/bin/clang -Wno-unused-result -Wsign-compare -Wunreachable-code -DNDEBUG -g -fwrapv -O3 -Wall -Wstrict-prototypes -I/Users/bull/anaconda/envs/scikit-learn/include -arch x86_64

compile options: '-I/Users/bull/anaconda/envs/scikit-learn/lib/python3.5/site-packages/numpy/core/include -Isklearn/svm/src/libsvm -I/Users/bull/anaconda/envs/scikit-learn/lib/python3.5/site-packages/numpy/core/include -I/Users/bull/anaconda/envs/scikit-learn/include/python3.5m -c'
clang: sklearn/svm/libsvm.c
In file included from sklearn/svm/libsvm.c:458:
In file included from /Users/bull/anaconda/envs/scikit-learn/lib/python3.5/site-packages/numpy/core/include/numpy/arrayobject.h:4:
In file included from /Users/bull/anaconda/envs/scikit-learn/lib/python3.5/site-packages/numpy/core/include/numpy/ndarrayobject.h:18:
In file included from /Users/bull/anaconda/envs/scikit-learn/lib/python3.5/site-packages/numpy/core/include/numpy/ndarraytypes.h:1777:
/Users/bull/anaconda/envs/scikit-learn/lib/python3.5/site-packages/numpy/core/include/numpy/npy_1_7_deprecated_api.h:15:2: warning: "Using deprecated NumPy API, disable it by "          "#defining NPY_NO_DEPRECATED_API NPY_1_7_API_VERSION" [-W#warnings]
#warning "Using deprecated NumPy API, disable it by " \
 ^
1 warning generated.
/usr/bin/clang++ -bundle -undefined dynamic_lookup -L/Users/bull/anaconda/envs/scikit-learn/lib -arch x86_64 build/temp.macosx-10.6-x86_64-3.5/sklearn/svm/libsvm.o -L/Users/bull/anaconda/envs/scikit-learn/lib -Lbuild/temp.macosx-10.6-x86_64-3.5 -llibsvm-skl -o sklearn/svm/libsvm.cpython-35m-darwin.so
building 'sklearn.svm.liblinear' extension
compiling C sources
C compiler: /usr/bin/clang -Wno-unused-result -Wsign-compare -Wunreachable-code -DNDEBUG -g -fwrapv -O3 -Wall -Wstrict-prototypes -I/Users/bull/anaconda/envs/scikit-learn/include -arch x86_64

compile options: '-DSCIPY_MKL_H -DHAVE_CBLAS -Isklearn/src/cblas -I/Users/bull/anaconda/envs/scikit-learn/lib/python3.5/site-packages/numpy/core/include -I/Users/bull/anaconda/envs/scikit-learn/include -I/Users/bull/anaconda/envs/scikit-learn/lib/python3.5/site-packages/numpy/core/include -I/Users/bull/anaconda/envs/scikit-learn/include/python3.5m -c'
clang: sklearn/svm/liblinear.c
In file included from sklearn/svm/liblinear.c:476:
In file included from /Users/bull/anaconda/envs/scikit-learn/lib/python3.5/site-packages/numpy/core/include/numpy/arrayobject.h:4:
In file included from /Users/bull/anaconda/envs/scikit-learn/lib/python3.5/site-packages/numpy/core/include/numpy/ndarrayobject.h:18:
In file included from /Users/bull/anaconda/envs/scikit-learn/lib/python3.5/site-packages/numpy/core/include/numpy/ndarraytypes.h:1777:
/Users/bull/anaconda/envs/scikit-learn/lib/python3.5/site-packages/numpy/core/include/numpy/npy_1_7_deprecated_api.h:15:2: warning: "Using deprecated NumPy API, disable it by "          "#defining NPY_NO_DEPRECATED_API NPY_1_7_API_VERSION" [-W#warnings]
#warning "Using deprecated NumPy API, disable it by " \
 ^
In file included from sklearn/svm/liblinear.c:479:
sklearn/svm/src/liblinear/liblinear_helper.c:145:28: warning: incompatible pointer types assigning to 'double *' from 'char *' [-Wincompatible-pointer-types]
    problem->sample_weight = sample_weight;
                           ^ ~~~~~~~~~~~~~
sklearn/svm/src/liblinear/liblinear_helper.c:174:28: warning: incompatible pointer types assigning to 'double *' from 'char *' [-Wincompatible-pointer-types]
    problem->sample_weight = sample_weight;
                           ^ ~~~~~~~~~~~~~
3 warnings generated.
compiling C++ sources
C compiler: /usr/bin/clang++ -Wno-unused-result -Wsign-compare -Wunreachable-code -DNDEBUG -g -fwrapv -O3 -Wall -I/Users/bull/anaconda/envs/scikit-learn/include -arch x86_64

creating build/temp.macosx-10.6-x86_64-3.5/sklearn/svm/src/liblinear
compile options: '-DSCIPY_MKL_H -DHAVE_CBLAS -Isklearn/src/cblas -I/Users/bull/anaconda/envs/scikit-learn/lib/python3.5/site-packages/numpy/core/include -I/Users/bull/anaconda/envs/scikit-learn/include -I/Users/bull/anaconda/envs/scikit-learn/lib/python3.5/site-packages/numpy/core/include -I/Users/bull/anaconda/envs/scikit-learn/include/python3.5m -c'
clang++: sklearn/svm/src/liblinear/tron.cpp
clang++: sklearn/svm/src/liblinear/linear.cpp
sklearn/svm/src/liblinear/linear.cpp:2370:6: warning: unused variable 'n_iter' [-Wunused-variable]
        int n_iter;
            ^
1 warning generated.
/usr/bin/clang++ -bundle -undefined dynamic_lookup -L/Users/bull/anaconda/envs/scikit-learn/lib -arch x86_64 build/temp.macosx-10.6-x86_64-3.5/sklearn/svm/liblinear.o build/temp.macosx-10.6-x86_64-3.5/sklearn/svm/src/liblinear/linear.o build/temp.macosx-10.6-x86_64-3.5/sklearn/svm/src/liblinear/tron.o -L/Users/bull/anaconda/envs/scikit-learn/lib -L/Users/bull/anaconda/envs/scikit-learn/lib -Lbuild/temp.macosx-10.6-x86_64-3.5 -lmkl_intel_lp64 -lmkl_intel_thread -lmkl_core -liomp5 -lpthread -lm -o sklearn/svm/liblinear.cpython-35m-darwin.so
building 'sklearn.svm.libsvm_sparse' extension
compiling C sources
C compiler: /usr/bin/clang -Wno-unused-result -Wsign-compare -Wunreachable-code -DNDEBUG -g -fwrapv -O3 -Wall -Wstrict-prototypes -I/Users/bull/anaconda/envs/scikit-learn/include -arch x86_64

compile options: '-I/Users/bull/anaconda/envs/scikit-learn/lib/python3.5/site-packages/numpy/core/include -Isklearn/svm/src/libsvm -I/Users/bull/anaconda/envs/scikit-learn/lib/python3.5/site-packages/numpy/core/include -I/Users/bull/anaconda/envs/scikit-learn/include/python3.5m -c'
clang: sklearn/svm/libsvm_sparse.c
In file included from sklearn/svm/libsvm_sparse.c:456:
In file included from /Users/bull/anaconda/envs/scikit-learn/lib/python3.5/site-packages/numpy/core/include/numpy/arrayobject.h:4:
In file included from /Users/bull/anaconda/envs/scikit-learn/lib/python3.5/site-packages/numpy/core/include/numpy/ndarrayobject.h:18:
In file included from /Users/bull/anaconda/envs/scikit-learn/lib/python3.5/site-packages/numpy/core/include/numpy/ndarraytypes.h:1777:
/Users/bull/anaconda/envs/scikit-learn/lib/python3.5/site-packages/numpy/core/include/numpy/npy_1_7_deprecated_api.h:15:2: warning: "Using deprecated NumPy API, disable it by "          "#defining NPY_NO_DEPRECATED_API NPY_1_7_API_VERSION" [-W#warnings]
#warning "Using deprecated NumPy API, disable it by " \
 ^
1 warning generated.
/usr/bin/clang++ -bundle -undefined dynamic_lookup -L/Users/bull/anaconda/envs/scikit-learn/lib -arch x86_64 build/temp.macosx-10.6-x86_64-3.5/sklearn/svm/libsvm_sparse.o -L/Users/bull/anaconda/envs/scikit-learn/lib -Lbuild/temp.macosx-10.6-x86_64-3.5 -llibsvm-skl -o sklearn/svm/libsvm_sparse.cpython-35m-darwin.so
building 'sklearn._isotonic' extension
compiling C sources
C compiler: /usr/bin/clang -Wno-unused-result -Wsign-compare -Wunreachable-code -DNDEBUG -g -fwrapv -O3 -Wall -Wstrict-prototypes -I/Users/bull/anaconda/envs/scikit-learn/include -arch x86_64

compile options: '-I/Users/bull/anaconda/envs/scikit-learn/lib/python3.5/site-packages/numpy/core/include -I/Users/bull/anaconda/envs/scikit-learn/lib/python3.5/site-packages/numpy/core/include -I/Users/bull/anaconda/envs/scikit-learn/include/python3.5m -c'
clang: sklearn/_isotonic.c
In file included from sklearn/_isotonic.c:453:
In file included from /Users/bull/anaconda/envs/scikit-learn/lib/python3.5/site-packages/numpy/core/include/numpy/arrayobject.h:4:
In file included from /Users/bull/anaconda/envs/scikit-learn/lib/python3.5/site-packages/numpy/core/include/numpy/ndarrayobject.h:18:
In file included from /Users/bull/anaconda/envs/scikit-learn/lib/python3.5/site-packages/numpy/core/include/numpy/ndarraytypes.h:1777:
/Users/bull/anaconda/envs/scikit-learn/lib/python3.5/site-packages/numpy/core/include/numpy/npy_1_7_deprecated_api.h:15:2: warning: "Using deprecated NumPy API, disable it by "          "#defining NPY_NO_DEPRECATED_API NPY_1_7_API_VERSION" [-W#warnings]
#warning "Using deprecated NumPy API, disable it by " \
 ^
1 warning generated.
/usr/bin/clang -bundle -undefined dynamic_lookup -L/Users/bull/anaconda/envs/scikit-learn/lib -arch x86_64 build/temp.macosx-10.6-x86_64-3.5/sklearn/_isotonic.o -L/Users/bull/anaconda/envs/scikit-learn/lib -Lbuild/temp.macosx-10.6-x86_64-3.5 -lm -o sklearn/_isotonic.cpython-35m-darwin.so
building 'sklearn.linear_model.cd_fast' extension
compiling C sources
C compiler: /usr/bin/clang -Wno-unused-result -Wsign-compare -Wunreachable-code -DNDEBUG -g -fwrapv -O3 -Wall -Wstrict-prototypes -I/Users/bull/anaconda/envs/scikit-learn/include -arch x86_64

creating build/temp.macosx-10.6-x86_64-3.5/sklearn/linear_model
compile options: '-DSCIPY_MKL_H -DHAVE_CBLAS -Isklearn/src/cblas -I/Users/bull/anaconda/envs/scikit-learn/lib/python3.5/site-packages/numpy/core/include -I/Users/bull/anaconda/envs/scikit-learn/include -I/Users/bull/anaconda/envs/scikit-learn/lib/python3.5/site-packages/numpy/core/include -I/Users/bull/anaconda/envs/scikit-learn/include/python3.5m -c'
clang: sklearn/linear_model/cd_fast.c
In file included from sklearn/linear_model/cd_fast.c:475:
In file included from /Users/bull/anaconda/envs/scikit-learn/lib/python3.5/site-packages/numpy/core/include/numpy/arrayobject.h:4:
In file included from /Users/bull/anaconda/envs/scikit-learn/lib/python3.5/site-packages/numpy/core/include/numpy/ndarrayobject.h:18:
In file included from /Users/bull/anaconda/envs/scikit-learn/lib/python3.5/site-packages/numpy/core/include/numpy/ndarraytypes.h:1777:
/Users/bull/anaconda/envs/scikit-learn/lib/python3.5/site-packages/numpy/core/include/numpy/npy_1_7_deprecated_api.h:15:2: warning: "Using deprecated NumPy API, disable it by "          "#defining NPY_NO_DEPRECATED_API NPY_1_7_API_VERSION" [-W#warnings]
#warning "Using deprecated NumPy API, disable it by " \
 ^
sklearn/linear_model/cd_fast.c:4567:15: warning: incompatible pointer types assigning to 'float (*)(int, float *, int, float *, int)' from 'float (const int, const float *, const int, const float *, const int)' [-Wincompatible-pointer-types]
  __pyx_v_dot = cblas_sdot;
              ^ ~~~~~~~~~~
sklearn/linear_model/cd_fast.c:4576:16: warning: incompatible pointer types assigning to 'void (*)(int, float, float *, int, float *, int)' from 'void (const int, const float, const float *, const int, float *, const int)' [-Wincompatible-pointer-types]
  __pyx_v_axpy = cblas_saxpy;
               ^ ~~~~~~~~~~~
sklearn/linear_model/cd_fast.c:4585:16: warning: incompatible pointer types assigning to 'float (*)(int, float *, int)' from 'float (const int, const float *, const int)' [-Wincompatible-pointer-types]
  __pyx_v_asum = cblas_sasum;
               ^ ~~~~~~~~~~~
sklearn/linear_model/cd_fast.c:4962:41: warning: comparison of integers of different signs: 'unsigned int' and 'int' [-Wsign-compare]
        for (__pyx_t_12 = 0; __pyx_t_12 < __pyx_t_8; __pyx_t_12+=1) {
                             ~~~~~~~~~~ ^ ~~~~~~~~~
sklearn/linear_model/cd_fast.c:5322:41: warning: comparison of integers of different signs: 'unsigned int' and 'int' [-Wsign-compare]
          __pyx_t_19 = ((__pyx_v_n_iter == (__pyx_v_max_iter - 1)) != 0);
                         ~~~~~~~~~~~~~~ ^   ~~~~~~~~~~~~~~~~~~~~
sklearn/linear_model/cd_fast.c:5982:15: warning: incompatible pointer types assigning to 'double (*)(int, double *, int, double *, int)' from 'double (const int, const double *, const int, const double *, const int)' [-Wincompatible-pointer-types]
  __pyx_v_dot = cblas_ddot;
              ^ ~~~~~~~~~~
sklearn/linear_model/cd_fast.c:5991:16: warning: incompatible pointer types assigning to 'void (*)(int, double, double *, int, double *, int)' from 'void (const int, const double, const double *, const int, double *, const int)' [-Wincompatible-pointer-types]
  __pyx_v_axpy = cblas_daxpy;
               ^ ~~~~~~~~~~~
sklearn/linear_model/cd_fast.c:6000:16: warning: incompatible pointer types assigning to 'double (*)(int, double *, int)' from 'double (const int, const double *, const int)' [-Wincompatible-pointer-types]
  __pyx_v_asum = cblas_dasum;
               ^ ~~~~~~~~~~~
sklearn/linear_model/cd_fast.c:6377:41: warning: comparison of integers of different signs: 'unsigned int' and 'int' [-Wsign-compare]
        for (__pyx_t_12 = 0; __pyx_t_12 < __pyx_t_8; __pyx_t_12+=1) {
                             ~~~~~~~~~~ ^ ~~~~~~~~~
sklearn/linear_model/cd_fast.c:6737:41: warning: comparison of integers of different signs: 'unsigned int' and 'int' [-Wsign-compare]
          __pyx_t_19 = ((__pyx_v_n_iter == (__pyx_v_max_iter - 1)) != 0);
                         ~~~~~~~~~~~~~~ ^   ~~~~~~~~~~~~~~~~~~~~
sklearn/linear_model/cd_fast.c:8167:15: warning: incompatible pointer types assigning to 'float (*)(int, float *, int, float *, int)' from 'float (const int, const float *, const int, const float *, const int)' [-Wincompatible-pointer-types]
  __pyx_v_dot = cblas_sdot;
              ^ ~~~~~~~~~~
sklearn/linear_model/cd_fast.c:8176:16: warning: incompatible pointer types assigning to 'float (*)(int, float *, int)' from 'float (const int, const float *, const int)' [-Wincompatible-pointer-types]
  __pyx_v_asum = cblas_sasum;
               ^ ~~~~~~~~~~~
sklearn/linear_model/cd_fast.c:8625:41: warning: comparison of integers of different signs: 'unsigned int' and 'int' [-Wsign-compare]
        for (__pyx_t_10 = 0; __pyx_t_10 < __pyx_t_7; __pyx_t_10+=1) {
                             ~~~~~~~~~~ ^ ~~~~~~~~~
sklearn/linear_model/cd_fast.c:9187:41: warning: comparison of integers of different signs: 'unsigned int' and 'int' [-Wsign-compare]
          __pyx_t_41 = ((__pyx_v_n_iter == (__pyx_v_max_iter - 1)) != 0);
                         ~~~~~~~~~~~~~~ ^   ~~~~~~~~~~~~~~~~~~~~
sklearn/linear_model/cd_fast.c:9273:185: warning: comparison of integers of different signs: 'unsigned int' and 'int' [-Wsign-compare]
              for (__pyx_t_18 = (*__Pyx_BufPtrCContig1d(int *, __pyx_pybuffernd_X_indptr.rcbuffer->pybuffer.buf, __pyx_t_59, __pyx_pybuffernd_X_indptr.diminfo[0].strides)); __pyx_t_18 < __pyx_t_58; __pyx_t_18+=1) {
                                                                                                                                                                             ~~~~~~~~~~ ^ ~~~~~~~~~~
sklearn/linear_model/cd_fast.c:10117:15: warning: incompatible pointer types assigning to 'double (*)(int, double *, int, double *, int)' from 'double (const int, const double *, const int, const double *, const int)' [-Wincompatible-pointer-types]
  __pyx_v_dot = cblas_ddot;
              ^ ~~~~~~~~~~
sklearn/linear_model/cd_fast.c:10126:16: warning: incompatible pointer types assigning to 'double (*)(int, double *, int)' from 'double (const int, const double *, const int)' [-Wincompatible-pointer-types]
  __pyx_v_asum = cblas_dasum;
               ^ ~~~~~~~~~~~
sklearn/linear_model/cd_fast.c:10575:41: warning: comparison of integers of different signs: 'unsigned int' and 'int' [-Wsign-compare]
        for (__pyx_t_10 = 0; __pyx_t_10 < __pyx_t_7; __pyx_t_10+=1) {
                             ~~~~~~~~~~ ^ ~~~~~~~~~
sklearn/linear_model/cd_fast.c:11137:41: warning: comparison of integers of different signs: 'unsigned int' and 'int' [-Wsign-compare]
          __pyx_t_41 = ((__pyx_v_n_iter == (__pyx_v_max_iter - 1)) != 0);
                         ~~~~~~~~~~~~~~ ^   ~~~~~~~~~~~~~~~~~~~~
sklearn/linear_model/cd_fast.c:11223:185: warning: comparison of integers of different signs: 'unsigned int' and 'int' [-Wsign-compare]
              for (__pyx_t_18 = (*__Pyx_BufPtrCContig1d(int *, __pyx_pybuffernd_X_indptr.rcbuffer->pybuffer.buf, __pyx_t_59, __pyx_pybuffernd_X_indptr.diminfo[0].strides)); __pyx_t_18 < __pyx_t_58; __pyx_t_18+=1) {
                                                                                                                                                                             ~~~~~~~~~~ ^ ~~~~~~~~~~
sklearn/linear_model/cd_fast.c:12557:15: warning: incompatible pointer types assigning to 'float (*)(int, float *, int, float *, int)' from 'float (const int, const float *, const int, const float *, const int)' [-Wincompatible-pointer-types]
  __pyx_v_dot = cblas_sdot;
              ^ ~~~~~~~~~~
sklearn/linear_model/cd_fast.c:12566:16: warning: incompatible pointer types assigning to 'void (*)(int, float, float *, int, float *, int)' from 'void (const int, const float, const float *, const int, float *, const int)' [-Wincompatible-pointer-types]
  __pyx_v_axpy = cblas_saxpy;
               ^ ~~~~~~~~~~~
sklearn/linear_model/cd_fast.c:12575:16: warning: incompatible pointer types assigning to 'float (*)(int, float *, int)' from 'float (const int, const float *, const int)' [-Wincompatible-pointer-types]
  __pyx_v_asum = cblas_sasum;
               ^ ~~~~~~~~~~~
sklearn/linear_model/cd_fast.c:12973:41: warning: comparison of integers of different signs: 'unsigned int' and 'int' [-Wsign-compare]
        for (__pyx_t_16 = 0; __pyx_t_16 < __pyx_t_5; __pyx_t_16+=1) {
                             ~~~~~~~~~~ ^ ~~~~~~~~~
sklearn/linear_model/cd_fast.c:13321:41: warning: comparison of integers of different signs: 'unsigned int' and 'int' [-Wsign-compare]
          __pyx_t_24 = ((__pyx_v_n_iter == (__pyx_v_max_iter - 1)) != 0);
                         ~~~~~~~~~~~~~~ ^   ~~~~~~~~~~~~~~~~~~~~
sklearn/linear_model/cd_fast.c:14060:15: warning: incompatible pointer types assigning to 'double (*)(int, double *, int, double *, int)' from 'double (const int, const double *, const int, const double *, const int)' [-Wincompatible-pointer-types]
  __pyx_v_dot = cblas_ddot;
              ^ ~~~~~~~~~~
sklearn/linear_model/cd_fast.c:14069:16: warning: incompatible pointer types assigning to 'void (*)(int, double, double *, int, double *, int)' from 'void (const int, const double, const double *, const int, double *, const int)' [-Wincompatible-pointer-types]
  __pyx_v_axpy = cblas_daxpy;
               ^ ~~~~~~~~~~~
sklearn/linear_model/cd_fast.c:14078:16: warning: incompatible pointer types assigning to 'double (*)(int, double *, int)' from 'double (const int, const double *, const int)' [-Wincompatible-pointer-types]
  __pyx_v_asum = cblas_dasum;
               ^ ~~~~~~~~~~~
sklearn/linear_model/cd_fast.c:14476:41: warning: comparison of integers of different signs: 'unsigned int' and 'int' [-Wsign-compare]
        for (__pyx_t_16 = 0; __pyx_t_16 < __pyx_t_5; __pyx_t_16+=1) {
                             ~~~~~~~~~~ ^ ~~~~~~~~~
sklearn/linear_model/cd_fast.c:14824:41: warning: comparison of integers of different signs: 'unsigned int' and 'int' [-Wsign-compare]
          __pyx_t_24 = ((__pyx_v_n_iter == (__pyx_v_max_iter - 1)) != 0);
                         ~~~~~~~~~~~~~~ ^   ~~~~~~~~~~~~~~~~~~~~
sklearn/linear_model/cd_fast.c:16102:41: warning: comparison of integers of different signs: 'unsigned int' and 'int' [-Wsign-compare]
        for (__pyx_t_19 = 0; __pyx_t_19 < __pyx_t_9; __pyx_t_19+=1) {
                             ~~~~~~~~~~ ^ ~~~~~~~~~
sklearn/linear_model/cd_fast.c:16450:41: warning: comparison of integers of different signs: 'unsigned int' and 'int' [-Wsign-compare]
          __pyx_t_41 = ((__pyx_v_n_iter == (__pyx_v_max_iter - 1)) != 0);
                         ~~~~~~~~~~~~~~ ^   ~~~~~~~~~~~~~~~~~~~~
33 warnings generated.
/usr/bin/clang -bundle -undefined dynamic_lookup -L/Users/bull/anaconda/envs/scikit-learn/lib -arch x86_64 build/temp.macosx-10.6-x86_64-3.5/sklearn/linear_model/cd_fast.o -L/Users/bull/anaconda/envs/scikit-learn/lib -L/Users/bull/anaconda/envs/scikit-learn/lib -Lbuild/temp.macosx-10.6-x86_64-3.5 -lmkl_intel_lp64 -lmkl_intel_thread -lmkl_core -liomp5 -lpthread -lm -o sklearn/linear_model/cd_fast.cpython-35m-darwin.so
building 'sklearn.linear_model.sgd_fast' extension
compiling C sources
C compiler: /usr/bin/clang -Wno-unused-result -Wsign-compare -Wunreachable-code -DNDEBUG -g -fwrapv -O3 -Wall -Wstrict-prototypes -I/Users/bull/anaconda/envs/scikit-learn/include -arch x86_64

compile options: '-DSCIPY_MKL_H -DHAVE_CBLAS -Isklearn/src/cblas -I/Users/bull/anaconda/envs/scikit-learn/lib/python3.5/site-packages/numpy/core/include -I/Users/bull/anaconda/envs/scikit-learn/lib/python3.5/site-packages/numpy/core/include -I/Users/bull/anaconda/envs/scikit-learn/include/python3.5m -c'
clang: sklearn/linear_model/sgd_fast.c
In file included from sklearn/linear_model/sgd_fast.c:474:
In file included from /Users/bull/anaconda/envs/scikit-learn/lib/python3.5/site-packages/numpy/core/include/numpy/arrayobject.h:4:
In file included from /Users/bull/anaconda/envs/scikit-learn/lib/python3.5/site-packages/numpy/core/include/numpy/ndarrayobject.h:18:
In file included from /Users/bull/anaconda/envs/scikit-learn/lib/python3.5/site-packages/numpy/core/include/numpy/ndarraytypes.h:1777:
/Users/bull/anaconda/envs/scikit-learn/lib/python3.5/site-packages/numpy/core/include/numpy/npy_1_7_deprecated_api.h:15:2: warning: "Using deprecated NumPy API, disable it by "          "#defining NPY_NO_DEPRECATED_API NPY_1_7_API_VERSION" [-W#warnings]
#warning "Using deprecated NumPy API, disable it by " \
 ^
sklearn/linear_model/sgd_fast.c:7327:41: warning: comparison of integers of different signs: 'unsigned int' and 'int' [-Wsign-compare]
        for (__pyx_t_17 = 0; __pyx_t_17 < __pyx_t_10; __pyx_t_17+=1) {
                             ~~~~~~~~~~ ^ ~~~~~~~~~~
2 warnings generated.
/usr/bin/clang -bundle -undefined dynamic_lookup -L/Users/bull/anaconda/envs/scikit-learn/lib -arch x86_64 build/temp.macosx-10.6-x86_64-3.5/sklearn/linear_model/sgd_fast.o -L/Users/bull/anaconda/envs/scikit-learn/lib -L/Users/bull/anaconda/envs/scikit-learn/lib -Lbuild/temp.macosx-10.6-x86_64-3.5 -lmkl_intel_lp64 -lmkl_intel_thread -lmkl_core -liomp5 -lpthread -lm -o sklearn/linear_model/sgd_fast.cpython-35m-darwin.so
building 'sklearn.linear_model.sag_fast' extension
compiling C sources
C compiler: /usr/bin/clang -Wno-unused-result -Wsign-compare -Wunreachable-code -DNDEBUG -g -fwrapv -O3 -Wall -Wstrict-prototypes -I/Users/bull/anaconda/envs/scikit-learn/include -arch x86_64

compile options: '-I/Users/bull/anaconda/envs/scikit-learn/lib/python3.5/site-packages/numpy/core/include -I/Users/bull/anaconda/envs/scikit-learn/lib/python3.5/site-packages/numpy/core/include -I/Users/bull/anaconda/envs/scikit-learn/include/python3.5m -c'
clang: sklearn/linear_model/sag_fast.c
In file included from sklearn/linear_model/sag_fast.c:451:
In file included from /Users/bull/anaconda/envs/scikit-learn/lib/python3.5/site-packages/numpy/core/include/numpy/arrayobject.h:4:
In file included from /Users/bull/anaconda/envs/scikit-learn/lib/python3.5/site-packages/numpy/core/include/numpy/ndarrayobject.h:18:
In file included from /Users/bull/anaconda/envs/scikit-learn/lib/python3.5/site-packages/numpy/core/include/numpy/ndarraytypes.h:1777:
/Users/bull/anaconda/envs/scikit-learn/lib/python3.5/site-packages/numpy/core/include/numpy/npy_1_7_deprecated_api.h:15:2: warning: "Using deprecated NumPy API, disable it by "          "#defining NPY_NO_DEPRECATED_API NPY_1_7_API_VERSION" [-W#warnings]
#warning "Using deprecated NumPy API, disable it by " \
 ^
1 warning generated.
/usr/bin/clang -bundle -undefined dynamic_lookup -L/Users/bull/anaconda/envs/scikit-learn/lib -arch x86_64 build/temp.macosx-10.6-x86_64-3.5/sklearn/linear_model/sag_fast.o -L/Users/bull/anaconda/envs/scikit-learn/lib -Lbuild/temp.macosx-10.6-x86_64-3.5 -o sklearn/linear_model/sag_fast.cpython-35m-darwin.so
building 'sklearn.utils.sparsetools._traversal' extension
compiling C sources
C compiler: /usr/bin/clang -Wno-unused-result -Wsign-compare -Wunreachable-code -DNDEBUG -g -fwrapv -O3 -Wall -Wstrict-prototypes -I/Users/bull/anaconda/envs/scikit-learn/include -arch x86_64

creating build/temp.macosx-10.6-x86_64-3.5/sklearn/utils
creating build/temp.macosx-10.6-x86_64-3.5/sklearn/utils/sparsetools
compile options: '-I/Users/bull/anaconda/envs/scikit-learn/lib/python3.5/site-packages/numpy/core/include -I/Users/bull/anaconda/envs/scikit-learn/lib/python3.5/site-packages/numpy/core/include -I/Users/bull/anaconda/envs/scikit-learn/include/python3.5m -c'
clang: sklearn/utils/sparsetools/_traversal.c
In file included from sklearn/utils/sparsetools/_traversal.c:450:
In file included from /Users/bull/anaconda/envs/scikit-learn/lib/python3.5/site-packages/numpy/core/include/numpy/arrayobject.h:4:
In file included from /Users/bull/anaconda/envs/scikit-learn/lib/python3.5/site-packages/numpy/core/include/numpy/ndarrayobject.h:18:
In file included from /Users/bull/anaconda/envs/scikit-learn/lib/python3.5/site-packages/numpy/core/include/numpy/ndarraytypes.h:1777:
/Users/bull/anaconda/envs/scikit-learn/lib/python3.5/site-packages/numpy/core/include/numpy/npy_1_7_deprecated_api.h:15:2: warning: "Using deprecated NumPy API, disable it by "          "#defining NPY_NO_DEPRECATED_API NPY_1_7_API_VERSION" [-W#warnings]
#warning "Using deprecated NumPy API, disable it by " \
 ^
sklearn/utils/sparsetools/_traversal.c:3683:223: warning: comparison of integers of different signs: 'unsigned int' and '__pyx_t_7sklearn_5utils_11sparsetools_10_traversal_ITYPE_t' (aka 'int') [-Wsign-compare]
    for (__pyx_v_i = (*__Pyx_BufPtrCContig1d(__pyx_t_7sklearn_5utils_11sparsetools_10_traversal_ITYPE_t *, __pyx_pybuffernd_indptr.rcbuffer->pybuffer.buf, __pyx_t_5, __pyx_pybuffernd_indptr.diminfo[0].strides)); __pyx_v_i < __pyx_t_7; __pyx_v_i++) {
                                                                                                                                                                                                                    ~~~~~~~~~ ^ ~~~~~~~~~
sklearn/utils/sparsetools/_traversal.c:4050:225: warning: comparison of integers of different signs: 'unsigned int' and '__pyx_t_7sklearn_5utils_11sparsetools_10_traversal_ITYPE_t' (aka 'int') [-Wsign-compare]
    for (__pyx_v_i = (*__Pyx_BufPtrCContig1d(__pyx_t_7sklearn_5utils_11sparsetools_10_traversal_ITYPE_t *, __pyx_pybuffernd_indptr1.rcbuffer->pybuffer.buf, __pyx_t_5, __pyx_pybuffernd_indptr1.diminfo[0].strides)); __pyx_v_i < __pyx_t_7; __pyx_v_i++) {
                                                                                                                                                                                                                      ~~~~~~~~~ ^ ~~~~~~~~~
sklearn/utils/sparsetools/_traversal.c:4190:226: warning: comparison of integers of different signs: 'unsigned int' and '__pyx_t_7sklearn_5utils_11sparsetools_10_traversal_ITYPE_t' (aka 'int') [-Wsign-compare]
    for (__pyx_v_i = (*__Pyx_BufPtrCContig1d(__pyx_t_7sklearn_5utils_11sparsetools_10_traversal_ITYPE_t *, __pyx_pybuffernd_indptr2.rcbuffer->pybuffer.buf, __pyx_t_12, __pyx_pybuffernd_indptr2.diminfo[0].strides)); __pyx_v_i < __pyx_t_7; __pyx_v_i++) {
                                                                                                                                                                                                                       ~~~~~~~~~ ^ ~~~~~~~~~
sklearn/utils/sparsetools/_traversal.c:5353:223: warning: comparison of integers of different signs: 'unsigned int' and '__pyx_t_7sklearn_5utils_11sparsetools_10_traversal_ITYPE_t' (aka 'int') [-Wsign-compare]
    for (__pyx_v_i = (*__Pyx_BufPtrCContig1d(__pyx_t_7sklearn_5utils_11sparsetools_10_traversal_ITYPE_t *, __pyx_pybuffernd_indptr.rcbuffer->pybuffer.buf, __pyx_t_7, __pyx_pybuffernd_indptr.diminfo[0].strides)); __pyx_v_i < __pyx_t_9; __pyx_v_i++) {
                                                                                                                                                                                                                    ~~~~~~~~~ ^ ~~~~~~~~~
sklearn/utils/sparsetools/_traversal.c:5894:225: warning: comparison of integers of different signs: 'unsigned int' and '__pyx_t_7sklearn_5utils_11sparsetools_10_traversal_ITYPE_t' (aka 'int') [-Wsign-compare]
    for (__pyx_v_i = (*__Pyx_BufPtrCContig1d(__pyx_t_7sklearn_5utils_11sparsetools_10_traversal_ITYPE_t *, __pyx_pybuffernd_indptr1.rcbuffer->pybuffer.buf, __pyx_t_7, __pyx_pybuffernd_indptr1.diminfo[0].strides)); __pyx_v_i < __pyx_t_9; __pyx_v_i++) {
                                                                                                                                                                                                                      ~~~~~~~~~ ^ ~~~~~~~~~
sklearn/utils/sparsetools/_traversal.c:6090:228: warning: comparison of integers of different signs: 'unsigned int' and '__pyx_t_7sklearn_5utils_11sparsetools_10_traversal_ITYPE_t' (aka 'int') [-Wsign-compare]
      for (__pyx_v_i = (*__Pyx_BufPtrCContig1d(__pyx_t_7sklearn_5utils_11sparsetools_10_traversal_ITYPE_t *, __pyx_pybuffernd_indptr2.rcbuffer->pybuffer.buf, __pyx_t_16, __pyx_pybuffernd_indptr2.diminfo[0].strides)); __pyx_v_i < __pyx_t_9; __pyx_v_i++) {
                                                                                                                                                                                                                         ~~~~~~~~~ ^ ~~~~~~~~~
7 warnings generated.
/usr/bin/clang -bundle -undefined dynamic_lookup -L/Users/bull/anaconda/envs/scikit-learn/lib -arch x86_64 build/temp.macosx-10.6-x86_64-3.5/sklearn/utils/sparsetools/_traversal.o -L/Users/bull/anaconda/envs/scikit-learn/lib -Lbuild/temp.macosx-10.6-x86_64-3.5 -o sklearn/utils/sparsetools/_traversal.cpython-35m-darwin.so
building 'sklearn.utils.sparsetools._graph_tools' extension
compiling C sources
C compiler: /usr/bin/clang -Wno-unused-result -Wsign-compare -Wunreachable-code -DNDEBUG -g -fwrapv -O3 -Wall -Wstrict-prototypes -I/Users/bull/anaconda/envs/scikit-learn/include -arch x86_64

compile options: '-I/Users/bull/anaconda/envs/scikit-learn/lib/python3.5/site-packages/numpy/core/include -I/Users/bull/anaconda/envs/scikit-learn/lib/python3.5/site-packages/numpy/core/include -I/Users/bull/anaconda/envs/scikit-learn/include/python3.5m -c'
clang: sklearn/utils/sparsetools/_graph_tools.c
In file included from sklearn/utils/sparsetools/_graph_tools.c:450:
In file included from /Users/bull/anaconda/envs/scikit-learn/lib/python3.5/site-packages/numpy/core/include/numpy/arrayobject.h:4:
In file included from /Users/bull/anaconda/envs/scikit-learn/lib/python3.5/site-packages/numpy/core/include/numpy/ndarrayobject.h:18:
In file included from /Users/bull/anaconda/envs/scikit-learn/lib/python3.5/site-packages/numpy/core/include/numpy/ndarraytypes.h:1777:
/Users/bull/anaconda/envs/scikit-learn/lib/python3.5/site-packages/numpy/core/include/numpy/npy_1_7_deprecated_api.h:15:2: warning: "Using deprecated NumPy API, disable it by "          "#defining NPY_NO_DEPRECATED_API NPY_1_7_API_VERSION" [-W#warnings]
#warning "Using deprecated NumPy API, disable it by " \
 ^
sklearn/utils/sparsetools/_graph_tools.c:4557:225: warning: comparison of integers of different signs: 'unsigned int' and '__pyx_t_7sklearn_5utils_11sparsetools_12_graph_tools_ITYPE_t' (aka 'int') [-Wsign-compare]
    for (__pyx_v_i = (*__Pyx_BufPtrCContig1d(__pyx_t_7sklearn_5utils_11sparsetools_12_graph_tools_ITYPE_t *, __pyx_pybuffernd_indptr.rcbuffer->pybuffer.buf, __pyx_t_6, __pyx_pybuffernd_indptr.diminfo[0].strides)); __pyx_v_i < __pyx_t_9; __pyx_v_i++) {
                                                                                                                                                                                                                      ~~~~~~~~~ ^ ~~~~~~~~~
2 warnings generated.
/usr/bin/clang -bundle -undefined dynamic_lookup -L/Users/bull/anaconda/envs/scikit-learn/lib -arch x86_64 build/temp.macosx-10.6-x86_64-3.5/sklearn/utils/sparsetools/_graph_tools.o -L/Users/bull/anaconda/envs/scikit-learn/lib -Lbuild/temp.macosx-10.6-x86_64-3.5 -o sklearn/utils/sparsetools/_graph_tools.cpython-35m-darwin.so
building 'sklearn.utils.sparsefuncs_fast' extension
compiling C sources
C compiler: /usr/bin/clang -Wno-unused-result -Wsign-compare -Wunreachable-code -DNDEBUG -g -fwrapv -O3 -Wall -Wstrict-prototypes -I/Users/bull/anaconda/envs/scikit-learn/include -arch x86_64

compile options: '-I/Users/bull/anaconda/envs/scikit-learn/lib/python3.5/site-packages/numpy/core/include -I/Users/bull/anaconda/envs/scikit-learn/include/python3.5m -c'
clang: sklearn/utils/sparsefuncs_fast.c
In file included from sklearn/utils/sparsefuncs_fast.c:448:
In file included from /Users/bull/anaconda/envs/scikit-learn/lib/python3.5/site-packages/numpy/core/include/numpy/arrayobject.h:4:
In file included from /Users/bull/anaconda/envs/scikit-learn/lib/python3.5/site-packages/numpy/core/include/numpy/ndarrayobject.h:18:
In file included from /Users/bull/anaconda/envs/scikit-learn/lib/python3.5/site-packages/numpy/core/include/numpy/ndarraytypes.h:1777:
/Users/bull/anaconda/envs/scikit-learn/lib/python3.5/site-packages/numpy/core/include/numpy/npy_1_7_deprecated_api.h:15:2: warning: "Using deprecated NumPy API, disable it by "          "#defining NPY_NO_DEPRECATED_API NPY_1_7_API_VERSION" [-W#warnings]
#warning "Using deprecated NumPy API, disable it by " \
 ^
sklearn/utils/sparsefuncs_fast.c:12141:172: warning: comparison of integers of different signs: 'unsigned int' and 'int' [-Wsign-compare]
    for (__pyx_t_7 = (*__Pyx_BufPtrStrided1d(int *, __pyx_pybuffernd_X_indptr.rcbuffer->pybuffer.buf, __pyx_t_6, __pyx_pybuffernd_X_indptr.diminfo[0].strides)); __pyx_t_7 < __pyx_t_5; __pyx_t_7+=1) {
                                                                                                                                                                 ~~~~~~~~~ ^ ~~~~~~~~~
sklearn/utils/sparsefuncs_fast.c:12193:173: warning: comparison of integers of different signs: 'unsigned int' and 'int' [-Wsign-compare]
    for (__pyx_t_7 = (*__Pyx_BufPtrStrided1d(int *, __pyx_pybuffernd_X_indptr.rcbuffer->pybuffer.buf, __pyx_t_11, __pyx_pybuffernd_X_indptr.diminfo[0].strides)); __pyx_t_7 < __pyx_t_5; __pyx_t_7+=1) {
                                                                                                                                                                  ~~~~~~~~~ ^ ~~~~~~~~~
sklearn/utils/sparsefuncs_fast.c:12438:172: warning: comparison of integers of different signs: 'unsigned int' and 'int' [-Wsign-compare]
    for (__pyx_t_7 = (*__Pyx_BufPtrStrided1d(int *, __pyx_pybuffernd_X_indptr.rcbuffer->pybuffer.buf, __pyx_t_6, __pyx_pybuffernd_X_indptr.diminfo[0].strides)); __pyx_t_7 < __pyx_t_5; __pyx_t_7+=1) {
                                                                                                                                                                 ~~~~~~~~~ ^ ~~~~~~~~~
sklearn/utils/sparsefuncs_fast.c:12490:173: warning: comparison of integers of different signs: 'unsigned int' and 'int' [-Wsign-compare]
    for (__pyx_t_7 = (*__Pyx_BufPtrStrided1d(int *, __pyx_pybuffernd_X_indptr.rcbuffer->pybuffer.buf, __pyx_t_11, __pyx_pybuffernd_X_indptr.diminfo[0].strides)); __pyx_t_7 < __pyx_t_5; __pyx_t_7+=1) {
                                                                                                                                                                  ~~~~~~~~~ ^ ~~~~~~~~~
sklearn/utils/sparsefuncs_fast.c:13507:172: warning: comparison of integers of different signs: 'unsigned int' and 'int' [-Wsign-compare]
    for (__pyx_t_7 = (*__Pyx_BufPtrStrided1d(int *, __pyx_pybuffernd_X_indptr.rcbuffer->pybuffer.buf, __pyx_t_6, __pyx_pybuffernd_X_indptr.diminfo[0].strides)); __pyx_t_7 < __pyx_t_5; __pyx_t_7+=1) {
                                                                                                                                                                 ~~~~~~~~~ ^ ~~~~~~~~~
sklearn/utils/sparsefuncs_fast.c:13569:173: warning: comparison of integers of different signs: 'unsigned int' and 'int' [-Wsign-compare]
    for (__pyx_t_7 = (*__Pyx_BufPtrStrided1d(int *, __pyx_pybuffernd_X_indptr.rcbuffer->pybuffer.buf, __pyx_t_12, __pyx_pybuffernd_X_indptr.diminfo[0].strides)); __pyx_t_7 < __pyx_t_5; __pyx_t_7+=1) {
                                                                                                                                                                  ~~~~~~~~~ ^ ~~~~~~~~~
sklearn/utils/sparsefuncs_fast.c:13815:172: warning: comparison of integers of different signs: 'unsigned int' and 'int' [-Wsign-compare]
    for (__pyx_t_7 = (*__Pyx_BufPtrStrided1d(int *, __pyx_pybuffernd_X_indptr.rcbuffer->pybuffer.buf, __pyx_t_6, __pyx_pybuffernd_X_indptr.diminfo[0].strides)); __pyx_t_7 < __pyx_t_5; __pyx_t_7+=1) {
                                                                                                                                                                 ~~~~~~~~~ ^ ~~~~~~~~~
sklearn/utils/sparsefuncs_fast.c:13877:173: warning: comparison of integers of different signs: 'unsigned int' and 'int' [-Wsign-compare]
    for (__pyx_t_7 = (*__Pyx_BufPtrStrided1d(int *, __pyx_pybuffernd_X_indptr.rcbuffer->pybuffer.buf, __pyx_t_12, __pyx_pybuffernd_X_indptr.diminfo[0].strides)); __pyx_t_7 < __pyx_t_5; __pyx_t_7+=1) {
                                                                                                                                                                  ~~~~~~~~~ ^ ~~~~~~~~~
9 warnings generated.
/usr/bin/clang -bundle -undefined dynamic_lookup -L/Users/bull/anaconda/envs/scikit-learn/lib -arch x86_64 build/temp.macosx-10.6-x86_64-3.5/sklearn/utils/sparsefuncs_fast.o -L/Users/bull/anaconda/envs/scikit-learn/lib -Lbuild/temp.macosx-10.6-x86_64-3.5 -lm -o sklearn/utils/sparsefuncs_fast.cpython-35m-darwin.so
building 'sklearn.utils.arrayfuncs' extension
compiling C sources
C compiler: /usr/bin/clang -Wno-unused-result -Wsign-compare -Wunreachable-code -DNDEBUG -g -fwrapv -O3 -Wall -Wstrict-prototypes -I/Users/bull/anaconda/envs/scikit-learn/include -arch x86_64

compile options: '-DSCIPY_MKL_H -DHAVE_CBLAS -Isklearn/src/cblas -I/Users/bull/anaconda/envs/scikit-learn/lib/python3.5/site-packages/numpy/core/include -I/Users/bull/anaconda/envs/scikit-learn/include -I/Users/bull/anaconda/envs/scikit-learn/lib/python3.5/site-packages/numpy/core/include -I/Users/bull/anaconda/envs/scikit-learn/include/python3.5m -c'
clang: sklearn/utils/arrayfuncs.c
In file included from sklearn/utils/arrayfuncs.c:474:
In file included from /Users/bull/anaconda/envs/scikit-learn/lib/python3.5/site-packages/numpy/core/include/numpy/arrayobject.h:4:
In file included from /Users/bull/anaconda/envs/scikit-learn/lib/python3.5/site-packages/numpy/core/include/numpy/ndarrayobject.h:18:
In file included from /Users/bull/anaconda/envs/scikit-learn/lib/python3.5/site-packages/numpy/core/include/numpy/ndarraytypes.h:1777:
/Users/bull/anaconda/envs/scikit-learn/lib/python3.5/site-packages/numpy/core/include/numpy/npy_1_7_deprecated_api.h:15:2: warning: "Using deprecated NumPy API, disable it by "          "#defining NPY_NO_DEPRECATED_API NPY_1_7_API_VERSION" [-W#warnings]
#warning "Using deprecated NumPy API, disable it by " \
 ^
1 warning generated.
/usr/bin/clang -bundle -undefined dynamic_lookup -L/Users/bull/anaconda/envs/scikit-learn/lib -arch x86_64 build/temp.macosx-10.6-x86_64-3.5/sklearn/utils/arrayfuncs.o -L/Users/bull/anaconda/envs/scikit-learn/lib -L/Users/bull/anaconda/envs/scikit-learn/lib -Lbuild/temp.macosx-10.6-x86_64-3.5 -lmkl_intel_lp64 -lmkl_intel_thread -lmkl_core -liomp5 -lpthread -lm -o sklearn/utils/arrayfuncs.cpython-35m-darwin.so
building 'sklearn.utils.murmurhash' extension
compiling C sources
C compiler: /usr/bin/clang -Wno-unused-result -Wsign-compare -Wunreachable-code -DNDEBUG -g -fwrapv -O3 -Wall -Wstrict-prototypes -I/Users/bull/anaconda/envs/scikit-learn/include -arch x86_64

compile options: '-Isklearn/utils/src -I/Users/bull/anaconda/envs/scikit-learn/lib/python3.5/site-packages/numpy/core/include -I/Users/bull/anaconda/envs/scikit-learn/include/python3.5m -c'
clang: sklearn/utils/murmurhash.c
In file included from sklearn/utils/murmurhash.c:449:
In file included from /Users/bull/anaconda/envs/scikit-learn/lib/python3.5/site-packages/numpy/core/include/numpy/arrayobject.h:4:
In file included from /Users/bull/anaconda/envs/scikit-learn/lib/python3.5/site-packages/numpy/core/include/numpy/ndarrayobject.h:18:
In file included from /Users/bull/anaconda/envs/scikit-learn/lib/python3.5/site-packages/numpy/core/include/numpy/ndarraytypes.h:1777:
/Users/bull/anaconda/envs/scikit-learn/lib/python3.5/site-packages/numpy/core/include/numpy/npy_1_7_deprecated_api.h:15:2: warning: "Using deprecated NumPy API, disable it by "          "#defining NPY_NO_DEPRECATED_API NPY_1_7_API_VERSION" [-W#warnings]
#warning "Using deprecated NumPy API, disable it by " \
 ^
1 warning generated.
compiling C++ sources
C compiler: /usr/bin/clang++ -Wno-unused-result -Wsign-compare -Wunreachable-code -DNDEBUG -g -fwrapv -O3 -Wall -I/Users/bull/anaconda/envs/scikit-learn/include -arch x86_64

creating build/temp.macosx-10.6-x86_64-3.5/sklearn/utils/src
compile options: '-Isklearn/utils/src -I/Users/bull/anaconda/envs/scikit-learn/lib/python3.5/site-packages/numpy/core/include -I/Users/bull/anaconda/envs/scikit-learn/include/python3.5m -c'
clang++: sklearn/utils/src/MurmurHash3.cpp
/usr/bin/clang++ -bundle -undefined dynamic_lookup -L/Users/bull/anaconda/envs/scikit-learn/lib -arch x86_64 build/temp.macosx-10.6-x86_64-3.5/sklearn/utils/murmurhash.o build/temp.macosx-10.6-x86_64-3.5/sklearn/utils/src/MurmurHash3.o -L/Users/bull/anaconda/envs/scikit-learn/lib -Lbuild/temp.macosx-10.6-x86_64-3.5 -o sklearn/utils/murmurhash.cpython-35m-darwin.so
building 'sklearn.utils.lgamma' extension
compiling C sources
C compiler: /usr/bin/clang -Wno-unused-result -Wsign-compare -Wunreachable-code -DNDEBUG -g -fwrapv -O3 -Wall -Wstrict-prototypes -I/Users/bull/anaconda/envs/scikit-learn/include -arch x86_64

compile options: '-Isklearn/utils/src -I/Users/bull/anaconda/envs/scikit-learn/lib/python3.5/site-packages/numpy/core/include -I/Users/bull/anaconda/envs/scikit-learn/include/python3.5m -c'
clang: sklearn/utils/src/gamma.c
clang: sklearn/utils/lgamma.c
/usr/bin/clang -bundle -undefined dynamic_lookup -L/Users/bull/anaconda/envs/scikit-learn/lib -arch x86_64 build/temp.macosx-10.6-x86_64-3.5/sklearn/utils/lgamma.o build/temp.macosx-10.6-x86_64-3.5/sklearn/utils/src/gamma.o -L/Users/bull/anaconda/envs/scikit-learn/lib -Lbuild/temp.macosx-10.6-x86_64-3.5 -lm -o sklearn/utils/lgamma.cpython-35m-darwin.so
building 'sklearn.utils.graph_shortest_path' extension
compiling C sources
C compiler: /usr/bin/clang -Wno-unused-result -Wsign-compare -Wunreachable-code -DNDEBUG -g -fwrapv -O3 -Wall -Wstrict-prototypes -I/Users/bull/anaconda/envs/scikit-learn/include -arch x86_64

compile options: '-I/Users/bull/anaconda/envs/scikit-learn/lib/python3.5/site-packages/numpy/core/include -I/Users/bull/anaconda/envs/scikit-learn/lib/python3.5/site-packages/numpy/core/include -I/Users/bull/anaconda/envs/scikit-learn/include/python3.5m -c'
clang: sklearn/utils/graph_shortest_path.c
In file included from sklearn/utils/graph_shortest_path.c:450:
In file included from /Users/bull/anaconda/envs/scikit-learn/lib/python3.5/site-packages/numpy/core/include/numpy/arrayobject.h:4:
In file included from /Users/bull/anaconda/envs/scikit-learn/lib/python3.5/site-packages/numpy/core/include/numpy/ndarrayobject.h:18:
In file included from /Users/bull/anaconda/envs/scikit-learn/lib/python3.5/site-packages/numpy/core/include/numpy/ndarraytypes.h:1777:
/Users/bull/anaconda/envs/scikit-learn/lib/python3.5/site-packages/numpy/core/include/numpy/npy_1_7_deprecated_api.h:15:2: warning: "Using deprecated NumPy API, disable it by "          "#defining NPY_NO_DEPRECATED_API NPY_1_7_API_VERSION" [-W#warnings]
#warning "Using deprecated NumPy API, disable it by " \
 ^
sklearn/utils/graph_shortest_path.c:2466:35: warning: comparison of integers of different signs: 'unsigned int' and 'int' [-Wsign-compare]
    for (__pyx_v_i = 0; __pyx_v_i < __pyx_t_9; __pyx_v_i++) {
                        ~~~~~~~~~ ^ ~~~~~~~~~
sklearn/utils/graph_shortest_path.c:2476:51: warning: comparison of integers of different signs: 'unsigned int' and 'int' [-Wsign-compare]
      for (__pyx_v_j = (__pyx_v_i + 1); __pyx_v_j < __pyx_t_10; __pyx_v_j++) {
                                        ~~~~~~~~~ ^ ~~~~~~~~~~
sklearn/utils/graph_shortest_path.c:2550:33: warning: comparison of integers of different signs: 'unsigned int' and 'int' [-Wsign-compare]
  for (__pyx_v_k = 0; __pyx_v_k < __pyx_t_9; __pyx_v_k++) {
                      ~~~~~~~~~ ^ ~~~~~~~~~
sklearn/utils/graph_shortest_path.c:2560:35: warning: comparison of integers of different signs: 'unsigned int' and 'int' [-Wsign-compare]
    for (__pyx_v_i = 0; __pyx_v_i < __pyx_t_10; __pyx_v_i++) {
                        ~~~~~~~~~ ^ ~~~~~~~~~~
sklearn/utils/graph_shortest_path.c:2600:37: warning: comparison of integers of different signs: 'unsigned int' and 'int' [-Wsign-compare]
      for (__pyx_v_j = 0; __pyx_v_j < __pyx_t_25; __pyx_v_j++) {
                          ~~~~~~~~~ ^ ~~~~~~~~~~
sklearn/utils/graph_shortest_path.c:4961:218: warning: comparison of integers of different signs: 'unsigned int' and '__pyx_t_7sklearn_5utils_19graph_shortest_path_ITYPE_t' (aka 'int') [-Wsign-compare]
    for (__pyx_v_i = (*__Pyx_BufPtrCContig1d(__pyx_t_7sklearn_5utils_19graph_shortest_path_ITYPE_t *, __pyx_pybuffernd_indptr.rcbuffer->pybuffer.buf, __pyx_t_3, __pyx_pybuffernd_indptr.diminfo[0].strides)); __pyx_v_i < __pyx_t_5; __pyx_v_i++) {
                                                                                                                                                                                                               ~~~~~~~~~ ^ ~~~~~~~~~
sklearn/utils/graph_shortest_path.c:5318:220: warning: comparison of integers of different signs: 'unsigned int' and '__pyx_t_7sklearn_5utils_19graph_shortest_path_ITYPE_t' (aka 'int') [-Wsign-compare]
    for (__pyx_v_i = (*__Pyx_BufPtrCContig1d(__pyx_t_7sklearn_5utils_19graph_shortest_path_ITYPE_t *, __pyx_pybuffernd_indptr1.rcbuffer->pybuffer.buf, __pyx_t_3, __pyx_pybuffernd_indptr1.diminfo[0].strides)); __pyx_v_i < __pyx_t_5; __pyx_v_i++) {
                                                                                                                                                                                                                 ~~~~~~~~~ ^ ~~~~~~~~~
sklearn/utils/graph_shortest_path.c:5447:220: warning: comparison of integers of different signs: 'unsigned int' and '__pyx_t_7sklearn_5utils_19graph_shortest_path_ITYPE_t' (aka 'int') [-Wsign-compare]
    for (__pyx_v_i = (*__Pyx_BufPtrCContig1d(__pyx_t_7sklearn_5utils_19graph_shortest_path_ITYPE_t *, __pyx_pybuffernd_indptr2.rcbuffer->pybuffer.buf, __pyx_t_8, __pyx_pybuffernd_indptr2.diminfo[0].strides)); __pyx_v_i < __pyx_t_5; __pyx_v_i++) {
                                                                                                                                                                                                                 ~~~~~~~~~ ^ ~~~~~~~~~
9 warnings generated.
/usr/bin/clang -bundle -undefined dynamic_lookup -L/Users/bull/anaconda/envs/scikit-learn/lib -arch x86_64 build/temp.macosx-10.6-x86_64-3.5/sklearn/utils/graph_shortest_path.o -L/Users/bull/anaconda/envs/scikit-learn/lib -Lbuild/temp.macosx-10.6-x86_64-3.5 -o sklearn/utils/graph_shortest_path.cpython-35m-darwin.so
building 'sklearn.utils.fast_dict' extension
compiling C++ sources
C compiler: /usr/bin/clang++ -Wno-unused-result -Wsign-compare -Wunreachable-code -DNDEBUG -g -fwrapv -O3 -Wall -I/Users/bull/anaconda/envs/scikit-learn/include -arch x86_64

compile options: '-I/Users/bull/anaconda/envs/scikit-learn/lib/python3.5/site-packages/numpy/core/include -I/Users/bull/anaconda/envs/scikit-learn/lib/python3.5/site-packages/numpy/core/include -I/Users/bull/anaconda/envs/scikit-learn/include/python3.5m -c'
clang++: sklearn/utils/fast_dict.cpp
In file included from sklearn/utils/fast_dict.cpp:474:
In file included from /Users/bull/anaconda/envs/scikit-learn/lib/python3.5/site-packages/numpy/core/include/numpy/arrayobject.h:4:
In file included from /Users/bull/anaconda/envs/scikit-learn/lib/python3.5/site-packages/numpy/core/include/numpy/ndarrayobject.h:18:
In file included from /Users/bull/anaconda/envs/scikit-learn/lib/python3.5/site-packages/numpy/core/include/numpy/ndarraytypes.h:1777:
/Users/bull/anaconda/envs/scikit-learn/lib/python3.5/site-packages/numpy/core/include/numpy/npy_1_7_deprecated_api.h:15:2: warning: "Using deprecated NumPy API, disable it by "          "#defining NPY_NO_DEPRECATED_API NPY_1_7_API_VERSION" [-W#warnings]
#warning "Using deprecated NumPy API, disable it by " \
 ^
sklearn/utils/fast_dict.cpp:24097:93: warning: code will never be executed [-Wunreachable-code]
        module = PyImport_ImportModule((PY_VERSION_HEX >= 0x03030000) ? "collections.abc" : "collections");
                                                                                            ^~~~~~~~~~~~~
sklearn/utils/fast_dict.cpp:24097:59: note: silence by adding parentheses to mark code as explicitly dead
        module = PyImport_ImportModule((PY_VERSION_HEX >= 0x03030000) ? "collections.abc" : "collections");
                                                          ^
                                                          /* DISABLES CODE */ ( )
2 warnings generated.
/usr/bin/clang++ -bundle -undefined dynamic_lookup -L/Users/bull/anaconda/envs/scikit-learn/lib -arch x86_64 build/temp.macosx-10.6-x86_64-3.5/sklearn/utils/fast_dict.o -L/Users/bull/anaconda/envs/scikit-learn/lib -Lbuild/temp.macosx-10.6-x86_64-3.5 -lm -o sklearn/utils/fast_dict.cpython-35m-darwin.so
building 'sklearn.utils.seq_dataset' extension
compiling C sources
C compiler: /usr/bin/clang -Wno-unused-result -Wsign-compare -Wunreachable-code -DNDEBUG -g -fwrapv -O3 -Wall -Wstrict-prototypes -I/Users/bull/anaconda/envs/scikit-learn/include -arch x86_64

compile options: '-I/Users/bull/anaconda/envs/scikit-learn/lib/python3.5/site-packages/numpy/core/include -I/Users/bull/anaconda/envs/scikit-learn/lib/python3.5/site-packages/numpy/core/include -I/Users/bull/anaconda/envs/scikit-learn/include/python3.5m -c'
clang: sklearn/utils/seq_dataset.c
In file included from sklearn/utils/seq_dataset.c:450:
In file included from /Users/bull/anaconda/envs/scikit-learn/lib/python3.5/site-packages/numpy/core/include/numpy/arrayobject.h:4:
In file included from /Users/bull/anaconda/envs/scikit-learn/lib/python3.5/site-packages/numpy/core/include/numpy/ndarrayobject.h:18:
In file included from /Users/bull/anaconda/envs/scikit-learn/lib/python3.5/site-packages/numpy/core/include/numpy/ndarraytypes.h:1777:
/Users/bull/anaconda/envs/scikit-learn/lib/python3.5/site-packages/numpy/core/include/numpy/npy_1_7_deprecated_api.h:15:2: warning: "Using deprecated NumPy API, disable it by "          "#defining NPY_NO_DEPRECATED_API NPY_1_7_API_VERSION" [-W#warnings]
#warning "Using deprecated NumPy API, disable it by " \
 ^
1 warning generated.
/usr/bin/clang -bundle -undefined dynamic_lookup -L/Users/bull/anaconda/envs/scikit-learn/lib -arch x86_64 build/temp.macosx-10.6-x86_64-3.5/sklearn/utils/seq_dataset.o -L/Users/bull/anaconda/envs/scikit-learn/lib -Lbuild/temp.macosx-10.6-x86_64-3.5 -o sklearn/utils/seq_dataset.cpython-35m-darwin.so
building 'sklearn.utils.weight_vector' extension
compiling C sources
C compiler: /usr/bin/clang -Wno-unused-result -Wsign-compare -Wunreachable-code -DNDEBUG -g -fwrapv -O3 -Wall -Wstrict-prototypes -I/Users/bull/anaconda/envs/scikit-learn/include -arch x86_64

compile options: '-DSCIPY_MKL_H -DHAVE_CBLAS -Isklearn/src/cblas -I/Users/bull/anaconda/envs/scikit-learn/lib/python3.5/site-packages/numpy/core/include -I/Users/bull/anaconda/envs/scikit-learn/include -I/Users/bull/anaconda/envs/scikit-learn/lib/python3.5/site-packages/numpy/core/include -I/Users/bull/anaconda/envs/scikit-learn/include/python3.5m -c'
clang: sklearn/utils/weight_vector.c
In file included from sklearn/utils/weight_vector.c:474:
In file included from /Users/bull/anaconda/envs/scikit-learn/lib/python3.5/site-packages/numpy/core/include/numpy/arrayobject.h:4:
In file included from /Users/bull/anaconda/envs/scikit-learn/lib/python3.5/site-packages/numpy/core/include/numpy/ndarrayobject.h:18:
In file included from /Users/bull/anaconda/envs/scikit-learn/lib/python3.5/site-packages/numpy/core/include/numpy/ndarraytypes.h:1777:
/Users/bull/anaconda/envs/scikit-learn/lib/python3.5/site-packages/numpy/core/include/numpy/npy_1_7_deprecated_api.h:15:2: warning: "Using deprecated NumPy API, disable it by "          "#defining NPY_NO_DEPRECATED_API NPY_1_7_API_VERSION" [-W#warnings]
#warning "Using deprecated NumPy API, disable it by " \
 ^
1 warning generated.
/usr/bin/clang -bundle -undefined dynamic_lookup -L/Users/bull/anaconda/envs/scikit-learn/lib -arch x86_64 build/temp.macosx-10.6-x86_64-3.5/sklearn/utils/weight_vector.o -L/Users/bull/anaconda/envs/scikit-learn/lib -L/Users/bull/anaconda/envs/scikit-learn/lib -Lbuild/temp.macosx-10.6-x86_64-3.5 -lmkl_intel_lp64 -lmkl_intel_thread -lmkl_core -liomp5 -lpthread -lm -o sklearn/utils/weight_vector.cpython-35m-darwin.so
building 'sklearn.utils._random' extension
compiling C sources
C compiler: /usr/bin/clang -Wno-unused-result -Wsign-compare -Wunreachable-code -DNDEBUG -g -fwrapv -O3 -Wall -Wstrict-prototypes -I/Users/bull/anaconda/envs/scikit-learn/include -arch x86_64

compile options: '-I/Users/bull/anaconda/envs/scikit-learn/lib/python3.5/site-packages/numpy/core/include -I/Users/bull/anaconda/envs/scikit-learn/lib/python3.5/site-packages/numpy/core/include -I/Users/bull/anaconda/envs/scikit-learn/include/python3.5m -c'
clang: sklearn/utils/_random.c
In file included from sklearn/utils/_random.c:453:
In file included from /Users/bull/anaconda/envs/scikit-learn/lib/python3.5/site-packages/numpy/core/include/numpy/arrayobject.h:4:
In file included from /Users/bull/anaconda/envs/scikit-learn/lib/python3.5/site-packages/numpy/core/include/numpy/ndarrayobject.h:18:
In file included from /Users/bull/anaconda/envs/scikit-learn/lib/python3.5/site-packages/numpy/core/include/numpy/ndarraytypes.h:1777:
/Users/bull/anaconda/envs/scikit-learn/lib/python3.5/site-packages/numpy/core/include/numpy/npy_1_7_deprecated_api.h:15:2: warning: "Using deprecated NumPy API, disable it by "          "#defining NPY_NO_DEPRECATED_API NPY_1_7_API_VERSION" [-W#warnings]
#warning "Using deprecated NumPy API, disable it by " \
 ^
1 warning generated.
/usr/bin/clang -bundle -undefined dynamic_lookup -L/Users/bull/anaconda/envs/scikit-learn/lib -arch x86_64 build/temp.macosx-10.6-x86_64-3.5/sklearn/utils/_random.o -L/Users/bull/anaconda/envs/scikit-learn/lib -Lbuild/temp.macosx-10.6-x86_64-3.5 -lm -o sklearn/utils/_random.cpython-35m-darwin.so
building 'sklearn.utils._logistic_sigmoid' extension
compiling C sources
C compiler: /usr/bin/clang -Wno-unused-result -Wsign-compare -Wunreachable-code -DNDEBUG -g -fwrapv -O3 -Wall -Wstrict-prototypes -I/Users/bull/anaconda/envs/scikit-learn/include -arch x86_64

compile options: '-I/Users/bull/anaconda/envs/scikit-learn/lib/python3.5/site-packages/numpy/core/include -I/Users/bull/anaconda/envs/scikit-learn/lib/python3.5/site-packages/numpy/core/include -I/Users/bull/anaconda/envs/scikit-learn/include/python3.5m -c'
clang: sklearn/utils/_logistic_sigmoid.c
In file included from sklearn/utils/_logistic_sigmoid.c:454:
In file included from /Users/bull/anaconda/envs/scikit-learn/lib/python3.5/site-packages/numpy/core/include/numpy/arrayobject.h:4:
In file included from /Users/bull/anaconda/envs/scikit-learn/lib/python3.5/site-packages/numpy/core/include/numpy/ndarrayobject.h:18:
In file included from /Users/bull/anaconda/envs/scikit-learn/lib/python3.5/site-packages/numpy/core/include/numpy/ndarraytypes.h:1777:
/Users/bull/anaconda/envs/scikit-learn/lib/python3.5/site-packages/numpy/core/include/numpy/npy_1_7_deprecated_api.h:15:2: warning: "Using deprecated NumPy API, disable it by "          "#defining NPY_NO_DEPRECATED_API NPY_1_7_API_VERSION" [-W#warnings]
#warning "Using deprecated NumPy API, disable it by " \
 ^
1 warning generated.
/usr/bin/clang -bundle -undefined dynamic_lookup -L/Users/bull/anaconda/envs/scikit-learn/lib -arch x86_64 build/temp.macosx-10.6-x86_64-3.5/sklearn/utils/_logistic_sigmoid.o -L/Users/bull/anaconda/envs/scikit-learn/lib -Lbuild/temp.macosx-10.6-x86_64-3.5 -lm -o sklearn/utils/_logistic_sigmoid.cpython-35m-darwin.so
nosetests -s -v sklearn
I: Seeding RNGs with 1690158338
Converged after 58 iterations.
[?1034hiter  1 act 8.747e+00 pre 7.841e+00 delta 1.521e+00 f 1.386e+01 |g| 1.607e+01 CG   3
iter  2 act 9.618e-01 pre 8.065e-01 delta 1.521e+00 f 5.116e+00 |g| 3.834e+00 CG   2
